Archive member included because of file (symbol)

e:/imt_sdk_win_64/winavr/bin/../lib/gcc/avr/4.3.3/avr51\libgcc.a(_udivmodsi4.o)
                              ./HAL/ULTRASONIC/ULTRASONIC.o (__udivmodsi4)
e:/imt_sdk_win_64/winavr/bin/../lib/gcc/avr/4.3.3/avr51\libgcc.a(_exit.o)
                              e:/imt_sdk_win_64/winavr/bin/../lib/gcc/avr/4.3.3/../../../../avr/lib/avr51/crtm128.o (exit)
e:/imt_sdk_win_64/winavr/bin/../lib/gcc/avr/4.3.3/avr51\libgcc.a(_clear_bss.o)
                              ./MCAL/UART/UART.o (__do_clear_bss)
e:/imt_sdk_win_64/winavr/bin/../lib/gcc/avr/4.3.3/avr51\libgcc.a(_fixunssfsi.o)
                              ./HAL/ULTRASONIC/ULTRASONIC.o (__fixunssfsi)
e:/imt_sdk_win_64/winavr/bin/../lib/gcc/avr/4.3.3/avr51\libgcc.a(_udivdi3.o)
                              ./HAL/LCD_V2/LCD_V2.o (__udivdi3)
e:/imt_sdk_win_64/winavr/bin/../lib/gcc/avr/4.3.3/avr51\libgcc.a(_umoddi3.o)
                              ./HAL/LCD_V2/LCD_V2.o (__umoddi3)
e:/imt_sdk_win_64/winavr/bin/../lib/gcc/avr/4.3.3/avr51\libgcc.a(_addsub_sf.o)
                              e:/imt_sdk_win_64/winavr/bin/../lib/gcc/avr/4.3.3/avr51\libgcc.a(_fixunssfsi.o) (__subsf3)
e:/imt_sdk_win_64/winavr/bin/../lib/gcc/avr/4.3.3/avr51\libgcc.a(_mul_sf.o)
                              ./HAL/ULTRASONIC/ULTRASONIC.o (__mulsf3)
e:/imt_sdk_win_64/winavr/bin/../lib/gcc/avr/4.3.3/avr51\libgcc.a(_div_sf.o)
                              ./HAL/ULTRASONIC/ULTRASONIC.o (__divsf3)
e:/imt_sdk_win_64/winavr/bin/../lib/gcc/avr/4.3.3/avr51\libgcc.a(_gt_sf.o)
                              ./HAL/ULTRASONIC/ULTRASONIC.o (__gtsf2)
e:/imt_sdk_win_64/winavr/bin/../lib/gcc/avr/4.3.3/avr51\libgcc.a(_ge_sf.o)
                              e:/imt_sdk_win_64/winavr/bin/../lib/gcc/avr/4.3.3/avr51\libgcc.a(_fixunssfsi.o) (__gesf2)
e:/imt_sdk_win_64/winavr/bin/../lib/gcc/avr/4.3.3/avr51\libgcc.a(_lt_sf.o)
                              ./HAL/ULTRASONIC/ULTRASONIC.o (__ltsf2)
e:/imt_sdk_win_64/winavr/bin/../lib/gcc/avr/4.3.3/avr51\libgcc.a(_sf_to_si.o)
                              e:/imt_sdk_win_64/winavr/bin/../lib/gcc/avr/4.3.3/avr51\libgcc.a(_fixunssfsi.o) (__fixsfsi)
e:/imt_sdk_win_64/winavr/bin/../lib/gcc/avr/4.3.3/avr51\libgcc.a(_thenan_sf.o)
                              e:/imt_sdk_win_64/winavr/bin/../lib/gcc/avr/4.3.3/avr51\libgcc.a(_addsub_sf.o) (__thenan_sf)
e:/imt_sdk_win_64/winavr/bin/../lib/gcc/avr/4.3.3/avr51\libgcc.a(_mulsi3.o)
                              e:/imt_sdk_win_64/winavr/bin/../lib/gcc/avr/4.3.3/avr51\libgcc.a(_udivdi3.o) (__mulsi3)
e:/imt_sdk_win_64/winavr/bin/../lib/gcc/avr/4.3.3/avr51\libgcc.a(_prologue.o)
                              e:/imt_sdk_win_64/winavr/bin/../lib/gcc/avr/4.3.3/avr51\libgcc.a(_udivdi3.o) (__prologue_saves__)
e:/imt_sdk_win_64/winavr/bin/../lib/gcc/avr/4.3.3/avr51\libgcc.a(_epilogue.o)
                              e:/imt_sdk_win_64/winavr/bin/../lib/gcc/avr/4.3.3/avr51\libgcc.a(_udivdi3.o) (__epilogue_restores__)
e:/imt_sdk_win_64/winavr/bin/../lib/gcc/avr/4.3.3/avr51\libgcc.a(_clz.o)
                              e:/imt_sdk_win_64/winavr/bin/../lib/gcc/avr/4.3.3/avr51\libgcc.a(_udivdi3.o) (__clz_tab)
e:/imt_sdk_win_64/winavr/bin/../lib/gcc/avr/4.3.3/avr51\libgcc.a(_pack_sf.o)
                              e:/imt_sdk_win_64/winavr/bin/../lib/gcc/avr/4.3.3/avr51\libgcc.a(_addsub_sf.o) (__pack_f)
e:/imt_sdk_win_64/winavr/bin/../lib/gcc/avr/4.3.3/avr51\libgcc.a(_unpack_sf.o)
                              e:/imt_sdk_win_64/winavr/bin/../lib/gcc/avr/4.3.3/avr51\libgcc.a(_addsub_sf.o) (__unpack_f)
e:/imt_sdk_win_64/winavr/bin/../lib/gcc/avr/4.3.3/avr51\libgcc.a(_fpcmp_parts_sf.o)
                              e:/imt_sdk_win_64/winavr/bin/../lib/gcc/avr/4.3.3/avr51\libgcc.a(_gt_sf.o) (__fpcmp_parts_f)

Memory Configuration

Name             Origin             Length             Attributes
text             0x00000000         0x00020000         xr
data             0x00800060         0x0000ffa0         rw !x
eeprom           0x00810000         0x00010000         rw !x
fuse             0x00820000         0x00000400         rw !x
lock             0x00830000         0x00000400         rw !x
signature        0x00840000         0x00000400         rw !x
*default*        0x00000000         0xffffffff

Linker script and memory map

Address of section .data set to 0x800100
LOAD e:/imt_sdk_win_64/winavr/bin/../lib/gcc/avr/4.3.3/../../../../avr/lib/avr51/crtm128.o
LOAD ./MCAL/UART/UART.o
LOAD ./MCAL/TIMER/TIMER_3/Timer3.o
LOAD ./MCAL/TIMER/TIMER_1/Timer1.o
LOAD ./MCAL/TIMER/TIMER_0/Timer0.o
LOAD ./MCAL/DIO/DIO.o
LOAD ./HAL/ULTRASONIC/ULTRASONIC.o
LOAD ./HAL/UART_SERV/UART_SERV.o
LOAD ./HAL/LCD_V2/LCD_V2.o
LOAD ./HAL/APP_SERV/APP_SERV.o
LOAD ./APP/main.o
LOAD e:/imt_sdk_win_64/winavr/bin/../lib/gcc/avr/4.3.3/avr51\libgcc.a
LOAD e:/imt_sdk_win_64/winavr/bin/../lib/gcc/avr/4.3.3/../../../../avr/lib/avr51\libc.a
LOAD e:/imt_sdk_win_64/winavr/bin/../lib/gcc/avr/4.3.3/avr51\libgcc.a

.hash
 *(.hash)

.dynsym
 *(.dynsym)

.dynstr
 *(.dynstr)

.gnu.version
 *(.gnu.version)

.gnu.version_d
 *(.gnu.version_d)

.gnu.version_r
 *(.gnu.version_r)

.rel.init
 *(.rel.init)

.rela.init
 *(.rela.init)

.rel.text
 *(.rel.text)
 *(.rel.text.*)
 *(.rel.gnu.linkonce.t*)

.rela.text
 *(.rela.text)
 *(.rela.text.*)
 *(.rela.gnu.linkonce.t*)

.rel.fini
 *(.rel.fini)

.rela.fini
 *(.rela.fini)

.rel.rodata
 *(.rel.rodata)
 *(.rel.rodata.*)
 *(.rel.gnu.linkonce.r*)

.rela.rodata
 *(.rela.rodata)
 *(.rela.rodata.*)
 *(.rela.gnu.linkonce.r*)

.rel.data
 *(.rel.data)
 *(.rel.data.*)
 *(.rel.gnu.linkonce.d*)

.rela.data
 *(.rela.data)
 *(.rela.data.*)
 *(.rela.gnu.linkonce.d*)

.rel.ctors
 *(.rel.ctors)

.rela.ctors
 *(.rela.ctors)

.rel.dtors
 *(.rel.dtors)

.rela.dtors
 *(.rela.dtors)

.rel.got
 *(.rel.got)

.rela.got
 *(.rela.got)

.rel.bss
 *(.rel.bss)

.rela.bss
 *(.rela.bss)

.rel.plt
 *(.rel.plt)

.rela.plt
 *(.rela.plt)

.text           0x00000000     0x9346
 *(.vectors)
 .vectors       0x00000000       0x8c e:/imt_sdk_win_64/winavr/bin/../lib/gcc/avr/4.3.3/../../../../avr/lib/avr51/crtm128.o
                0x00000000                __vectors
                0x00000000                __vector_default
 *(.vectors)
 *(.progmem.gcc*)
 *(.progmem*)
                0x0000008c                . = ALIGN (0x2)
                0x0000008c                __trampolines_start = .
 *(.trampolines)
 .trampolines   0x0000008c        0x0 linker stubs
 *(.trampolines*)
                0x0000008c                __trampolines_end = .
 *(.jumptables)
 *(.jumptables*)
 *(.lowtext)
 *(.lowtext*)
                0x0000008c                __ctors_start = .
 *(.ctors)
                0x0000008c                __ctors_end = .
                0x0000008c                __dtors_start = .
 *(.dtors)
                0x0000008c                __dtors_end = .
 SORT(*)(.ctors)
 SORT(*)(.dtors)
 *(.init0)
 .init0         0x0000008c        0x0 e:/imt_sdk_win_64/winavr/bin/../lib/gcc/avr/4.3.3/../../../../avr/lib/avr51/crtm128.o
                0x0000008c                __init
 *(.init0)
 *(.init1)
 *(.init1)
 *(.init2)
 .init2         0x0000008c        0xc e:/imt_sdk_win_64/winavr/bin/../lib/gcc/avr/4.3.3/../../../../avr/lib/avr51/crtm128.o
 *(.init2)
 *(.init3)
 *(.init3)
 *(.init4)
 .init4         0x00000098       0x1a e:/imt_sdk_win_64/winavr/bin/../lib/gcc/avr/4.3.3/../../../../avr/lib/avr51/crtm128.o
                0x00000098                __do_copy_data
 .init4         0x000000b2       0x10 e:/imt_sdk_win_64/winavr/bin/../lib/gcc/avr/4.3.3/avr51\libgcc.a(_clear_bss.o)
                0x000000b2                __do_clear_bss
 *(.init4)
 *(.init5)
 *(.init5)
 *(.init6)
 *(.init6)
 *(.init7)
 *(.init7)
 *(.init8)
 *(.init8)
 *(.init9)
 .init9         0x000000c2        0x8 e:/imt_sdk_win_64/winavr/bin/../lib/gcc/avr/4.3.3/../../../../avr/lib/avr51/crtm128.o
 *(.init9)
 *(.text)
 .text          0x000000ca        0x4 e:/imt_sdk_win_64/winavr/bin/../lib/gcc/avr/4.3.3/../../../../avr/lib/avr51/crtm128.o
                0x000000ca                __vector_22
                0x000000ca                __vector_28
                0x000000ca                __vector_1
                0x000000ca                __vector_32
                0x000000ca                __vector_34
                0x000000ca                __vector_24
                0x000000ca                __vector_12
                0x000000ca                __bad_interrupt
                0x000000ca                __vector_6
                0x000000ca                __vector_31
                0x000000ca                __vector_3
                0x000000ca                __vector_23
                0x000000ca                __vector_30
                0x000000ca                __vector_25
                0x000000ca                __vector_13
                0x000000ca                __vector_17
                0x000000ca                __vector_19
                0x000000ca                __vector_7
                0x000000ca                __vector_27
                0x000000ca                __vector_5
                0x000000ca                __vector_33
                0x000000ca                __vector_4
                0x000000ca                __vector_9
                0x000000ca                __vector_2
                0x000000ca                __vector_21
                0x000000ca                __vector_15
                0x000000ca                __vector_29
                0x000000ca                __vector_8
                0x000000ca                __vector_26
                0x000000ca                __vector_10
                0x000000ca                __vector_18
                0x000000ca                __vector_20
 .text          0x000000ce        0x0 ./MCAL/UART/UART.o
 .text          0x000000ce        0x0 ./MCAL/TIMER/TIMER_3/Timer3.o
 .text          0x000000ce        0x0 ./MCAL/TIMER/TIMER_1/Timer1.o
 .text          0x000000ce        0x0 ./MCAL/TIMER/TIMER_0/Timer0.o
 .text          0x000000ce        0x0 ./MCAL/DIO/DIO.o
 .text          0x000000ce        0x0 ./HAL/ULTRASONIC/ULTRASONIC.o
 .text          0x000000ce        0x0 ./HAL/UART_SERV/UART_SERV.o
 .text          0x000000ce        0x0 ./HAL/LCD_V2/LCD_V2.o
 .text          0x000000ce        0x0 ./HAL/APP_SERV/APP_SERV.o
 .text          0x000000ce        0x0 ./APP/main.o
 .text          0x000000ce        0x0 e:/imt_sdk_win_64/winavr/bin/../lib/gcc/avr/4.3.3/avr51\libgcc.a(_udivmodsi4.o)
 .text          0x000000ce        0x0 e:/imt_sdk_win_64/winavr/bin/../lib/gcc/avr/4.3.3/avr51\libgcc.a(_exit.o)
 .text          0x000000ce        0x0 e:/imt_sdk_win_64/winavr/bin/../lib/gcc/avr/4.3.3/avr51\libgcc.a(_clear_bss.o)
 .text          0x000000ce       0x58 e:/imt_sdk_win_64/winavr/bin/../lib/gcc/avr/4.3.3/avr51\libgcc.a(_fixunssfsi.o)
                0x000000ce                __fixunssfsi
 .text          0x00000126      0xcea e:/imt_sdk_win_64/winavr/bin/../lib/gcc/avr/4.3.3/avr51\libgcc.a(_udivdi3.o)
                0x00000126                __udivdi3
 .text          0x00000e10      0xce0 e:/imt_sdk_win_64/winavr/bin/../lib/gcc/avr/4.3.3/avr51\libgcc.a(_umoddi3.o)
                0x00000e10                __umoddi3
 .text          0x00001af0      0x354 e:/imt_sdk_win_64/winavr/bin/../lib/gcc/avr/4.3.3/avr51\libgcc.a(_addsub_sf.o)
                0x00001d88                __subsf3
                0x00001dea                __addsf3
 .text          0x00001e44      0x1f4 e:/imt_sdk_win_64/winavr/bin/../lib/gcc/avr/4.3.3/avr51\libgcc.a(_mul_sf.o)
                0x00001e44                __mulsf3
 .text          0x00002038      0x158 e:/imt_sdk_win_64/winavr/bin/../lib/gcc/avr/4.3.3/avr51\libgcc.a(_div_sf.o)
                0x00002038                __divsf3
 .text          0x00002190       0x60 e:/imt_sdk_win_64/winavr/bin/../lib/gcc/avr/4.3.3/avr51\libgcc.a(_gt_sf.o)
                0x00002190                __gtsf2
 .text          0x000021f0       0x60 e:/imt_sdk_win_64/winavr/bin/../lib/gcc/avr/4.3.3/avr51\libgcc.a(_ge_sf.o)
                0x000021f0                __gesf2
 .text          0x00002250       0x60 e:/imt_sdk_win_64/winavr/bin/../lib/gcc/avr/4.3.3/avr51\libgcc.a(_lt_sf.o)
                0x00002250                __ltsf2
 .text          0x000022b0       0xa8 e:/imt_sdk_win_64/winavr/bin/../lib/gcc/avr/4.3.3/avr51\libgcc.a(_sf_to_si.o)
                0x000022b0                __fixsfsi
 .text          0x00002358        0x0 e:/imt_sdk_win_64/winavr/bin/../lib/gcc/avr/4.3.3/avr51\libgcc.a(_thenan_sf.o)
 .text          0x00002358        0x0 e:/imt_sdk_win_64/winavr/bin/../lib/gcc/avr/4.3.3/avr51\libgcc.a(_mulsi3.o)
 .text          0x00002358        0x0 e:/imt_sdk_win_64/winavr/bin/../lib/gcc/avr/4.3.3/avr51\libgcc.a(_prologue.o)
 .text          0x00002358        0x0 e:/imt_sdk_win_64/winavr/bin/../lib/gcc/avr/4.3.3/avr51\libgcc.a(_epilogue.o)
 .text          0x00002358        0x0 e:/imt_sdk_win_64/winavr/bin/../lib/gcc/avr/4.3.3/avr51\libgcc.a(_clz.o)
 .text          0x00002358      0x1aa e:/imt_sdk_win_64/winavr/bin/../lib/gcc/avr/4.3.3/avr51\libgcc.a(_pack_sf.o)
                0x00002358                __pack_f
 .text          0x00002502       0xf0 e:/imt_sdk_win_64/winavr/bin/../lib/gcc/avr/4.3.3/avr51\libgcc.a(_unpack_sf.o)
                0x00002502                __unpack_f
 .text          0x000025f2       0xb2 e:/imt_sdk_win_64/winavr/bin/../lib/gcc/avr/4.3.3/avr51\libgcc.a(_fpcmp_parts_sf.o)
                0x000025f2                __fpcmp_parts_f
                0x000026a4                . = ALIGN (0x2)
 *(.text.*)
 .text.Uart_Init
                0x000026a4       0xf6 ./MCAL/UART/UART.o
                0x000026a4                Uart_Init
 .text.UART_Receiver_Int_Enable
                0x0000279a       0x1c ./MCAL/UART/UART.o
                0x0000279a                UART_Receiver_Int_Enable
 .text.UART_Receiver_Int_Disable
                0x000027b6       0x1c ./MCAL/UART/UART.o
                0x000027b6                UART_Receiver_Int_Disable
 .text.UART_Transmit_Int_Enable
                0x000027d2       0x1c ./MCAL/UART/UART.o
                0x000027d2                UART_Transmit_Int_Enable
 .text.UART_Transmit_Int_Disable
                0x000027ee       0x1c ./MCAL/UART/UART.o
                0x000027ee                UART_Transmit_Int_Disable
 .text.UART_callback_Rece_Int
                0x0000280a       0x24 ./MCAL/UART/UART.o
                0x0000280a                UART_callback_Rece_Int
 .text.UART_callback_Trans_Int
                0x0000282e       0x24 ./MCAL/UART/UART.o
                0x0000282e                UART_callback_Trans_Int
 .text.USART_RX0C_vect
                0x00002852       0x66 ./MCAL/UART/UART.o
                0x00002852                USART_RX0C_vect
 .text.USART_TX0C_vect
                0x000028b8       0x66 ./MCAL/UART/UART.o
                0x000028b8                USART_TX0C_vect
 .text.UART_SendByte
                0x0000291e       0x1c ./MCAL/UART/UART.o
                0x0000291e                UART_SendByte
 .text.UART_RecieveByte
                0x0000293a       0x1e ./MCAL/UART/UART.o
                0x0000293a                UART_RecieveByte
 .text.UART_SendData
                0x00002958       0x34 ./MCAL/UART/UART.o
                0x00002958                UART_SendData
 .text.UART_RecieveData
                0x0000298c       0x28 ./MCAL/UART/UART.o
                0x0000298c                UART_RecieveData
 .text.UART_RecieveData_NoBlock
                0x000029b4       0x3e ./MCAL/UART/UART.o
                0x000029b4                UART_RecieveData_NoBlock
 .text.Timer3_Init
                0x000029f2      0x62c ./MCAL/TIMER/TIMER_3/Timer3.o
                0x000029f2                Timer3_Init
 .text.Timer3_InputCaptureEdge
                0x0000301e       0x3e ./MCAL/TIMER/TIMER_3/Timer3.o
                0x0000301e                Timer3_InputCaptureEdge
 .text.Timer3_ICU_InterruptEnable
                0x0000305c       0x1c ./MCAL/TIMER/TIMER_3/Timer3.o
                0x0000305c                Timer3_ICU_InterruptEnable
 .text.Timer3_ICU_InterruptDisable
                0x00003078       0x1c ./MCAL/TIMER/TIMER_3/Timer3.o
                0x00003078                Timer3_ICU_InterruptDisable
 .text.Timer3_OV_InterruptEnable
                0x00003094       0x1c ./MCAL/TIMER/TIMER_3/Timer3.o
                0x00003094                Timer3_OV_InterruptEnable
 .text.Timer3_OV_InterruptDisable
                0x000030b0       0x1c ./MCAL/TIMER/TIMER_3/Timer3.o
                0x000030b0                Timer3_OV_InterruptDisable
 .text.Timer3_OCA_InterruptEnable
                0x000030cc       0x1c ./MCAL/TIMER/TIMER_3/Timer3.o
                0x000030cc                Timer3_OCA_InterruptEnable
 .text.Timer3_OCA_InterruptDisable
                0x000030e8       0x1c ./MCAL/TIMER/TIMER_3/Timer3.o
                0x000030e8                Timer3_OCA_InterruptDisable
 .text.Timer3_OCB_InterruptEnable
                0x00003104       0x1c ./MCAL/TIMER/TIMER_3/Timer3.o
                0x00003104                Timer3_OCB_InterruptEnable
 .text.Timer3_OCB_InterruptDisable
                0x00003120       0x1c ./MCAL/TIMER/TIMER_3/Timer3.o
                0x00003120                Timer3_OCB_InterruptDisable
 .text.Timer3_OCC_InterruptEnable
                0x0000313c       0x1c ./MCAL/TIMER/TIMER_3/Timer3.o
                0x0000313c                Timer3_OCC_InterruptEnable
 .text.Timer3_OCC_InterruptDisable
                0x00003158       0x1c ./MCAL/TIMER/TIMER_3/Timer3.o
                0x00003158                Timer3_OCC_InterruptDisable
 .text.TMR3_uint16_GetICUValue
                0x00003174       0x38 ./MCAL/TIMER/TIMER_3/Timer3.o
                0x00003174                TMR3_uint16_GetICUValue
 .text.TMR3_uint16_GetTimerValue
                0x000031ac       0x38 ./MCAL/TIMER/TIMER_3/Timer3.o
                0x000031ac                TMR3_uint16_GetTimerValue
 .text.TMR3_void_SetTimerValue
                0x000031e4       0x2e ./MCAL/TIMER/TIMER_3/Timer3.o
                0x000031e4                TMR3_void_SetTimerValue
 .text.TMR3_void_Set_OCR_TimerValue
                0x00003212       0x9e ./MCAL/TIMER/TIMER_3/Timer3.o
                0x00003212                TMR3_void_Set_OCR_TimerValue
 .text.Timer1_Init
                0x000032b0      0x6be ./MCAL/TIMER/TIMER_1/Timer1.o
                0x000032b0                Timer1_Init
 .text.Timer1_InputCaptureEdge
                0x0000396e       0x3e ./MCAL/TIMER/TIMER_1/Timer1.o
                0x0000396e                Timer1_InputCaptureEdge
 .text.Timer1_ICU_InterruptEnable
                0x000039ac       0x1c ./MCAL/TIMER/TIMER_1/Timer1.o
                0x000039ac                Timer1_ICU_InterruptEnable
 .text.Timer1_ICU_InterruptDisable
                0x000039c8       0x1c ./MCAL/TIMER/TIMER_1/Timer1.o
                0x000039c8                Timer1_ICU_InterruptDisable
 .text.Timer1_OV_InterruptEnable
                0x000039e4       0x1c ./MCAL/TIMER/TIMER_1/Timer1.o
                0x000039e4                Timer1_OV_InterruptEnable
 .text.Timer1_OV_InterruptDisable
                0x00003a00       0x1c ./MCAL/TIMER/TIMER_1/Timer1.o
                0x00003a00                Timer1_OV_InterruptDisable
 .text.Timer1_OCA_InterruptEnable
                0x00003a1c       0x1c ./MCAL/TIMER/TIMER_1/Timer1.o
                0x00003a1c                Timer1_OCA_InterruptEnable
 .text.Timer1_OCA_InterruptDisable
                0x00003a38       0x1c ./MCAL/TIMER/TIMER_1/Timer1.o
                0x00003a38                Timer1_OCA_InterruptDisable
 .text.Timer1_OCB_InterruptEnable
                0x00003a54       0x1c ./MCAL/TIMER/TIMER_1/Timer1.o
                0x00003a54                Timer1_OCB_InterruptEnable
 .text.Timer1_OCB_InterruptDisable
                0x00003a70       0x1c ./MCAL/TIMER/TIMER_1/Timer1.o
                0x00003a70                Timer1_OCB_InterruptDisable
 .text.Timer1_OCC_InterruptEnable
                0x00003a8c       0x1c ./MCAL/TIMER/TIMER_1/Timer1.o
                0x00003a8c                Timer1_OCC_InterruptEnable
 .text.Timer1_OCC_InterruptDisable
                0x00003aa8       0x1c ./MCAL/TIMER/TIMER_1/Timer1.o
                0x00003aa8                Timer1_OCC_InterruptDisable
 .text.TMR1_uint16_GetICUValue
                0x00003ac4       0x38 ./MCAL/TIMER/TIMER_1/Timer1.o
                0x00003ac4                TMR1_uint16_GetICUValue
 .text.TMR1_uint16_GetTimerValue
                0x00003afc       0x38 ./MCAL/TIMER/TIMER_1/Timer1.o
                0x00003afc                TMR1_uint16_GetTimerValue
 .text.TMR1_void_SetTimerValue
                0x00003b34       0x2e ./MCAL/TIMER/TIMER_1/Timer1.o
                0x00003b34                TMR1_void_SetTimerValue
 .text.TMR1_void_Set_OCR_TimerValue
                0x00003b62       0x9e ./MCAL/TIMER/TIMER_1/Timer1.o
                0x00003b62                TMR1_void_Set_OCR_TimerValue
 .text.Timer0_Init
                0x00003c00      0x1b2 ./MCAL/TIMER/TIMER_0/Timer0.o
                0x00003c00                Timer0_Init
 .text.Timer0_OVInterrupt_Enable
                0x00003db2       0x1c ./MCAL/TIMER/TIMER_0/Timer0.o
                0x00003db2                Timer0_OVInterrupt_Enable
 .text.Timer0_OVInterrupt_Disable
                0x00003dce       0x1c ./MCAL/TIMER/TIMER_0/Timer0.o
                0x00003dce                Timer0_OVInterrupt_Disable
 .text.Timer0_OCInterrupt_Enable
                0x00003dea       0x1c ./MCAL/TIMER/TIMER_0/Timer0.o
                0x00003dea                Timer0_OCInterrupt_Enable
 .text.Timer0_OCInterrupt_Disable
                0x00003e06       0x1c ./MCAL/TIMER/TIMER_0/Timer0.o
                0x00003e06                Timer0_OCInterrupt_Disable
 .text.Timer0_OCI_Set_Value
                0x00003e22       0x1c ./MCAL/TIMER/TIMER_0/Timer0.o
                0x00003e22                Timer0_OCI_Set_Value
 .text.Timer0_TCNT_Set_Value
                0x00003e3e       0x1c ./MCAL/TIMER/TIMER_0/Timer0.o
                0x00003e3e                Timer0_TCNT_Set_Value
 .text.Timer0_Get_Value
                0x00003e5a       0x14 ./MCAL/TIMER/TIMER_0/Timer0.o
                0x00003e5a                Timer0_Get_Value
 .text.DIO_void_Set_Pin_Dirction
                0x00003e6e      0x344 ./MCAL/DIO/DIO.o
                0x00003e6e                DIO_void_Set_Pin_Dirction
 .text.DIO_void_Set_Pin_Value
                0x000041b2      0x344 ./MCAL/DIO/DIO.o
                0x000041b2                DIO_void_Set_Pin_Value
 .text.DIO_value_type_Get_Pin_Value
                0x000044f6      0x184 ./MCAL/DIO/DIO.o
                0x000044f6                DIO_value_type_Get_Pin_Value
 .text.DIO_void_Set_Port_Dirction
                0x0000467a       0xbe ./MCAL/DIO/DIO.o
                0x0000467a                DIO_void_Set_Port_Dirction
 .text.DIO_void_Set_Port_Value
                0x00004738       0xbe ./MCAL/DIO/DIO.o
                0x00004738                DIO_void_Set_Port_Value
 .text.DIO_void_Set_Port_ValueNIPPLE_H_OR_L
                0x000047f6      0x226 ./MCAL/DIO/DIO.o
                0x000047f6                DIO_void_Set_Port_ValueNIPPLE_H_OR_L
 .text.DIO_uint8_Get_Port_Value
                0x00004a1c       0xc0 ./MCAL/DIO/DIO.o
                0x00004a1c                DIO_uint8_Get_Port_Value
 .text.Ultrasonic_init
                0x00004adc       0x46 ./HAL/ULTRASONIC/ULTRASONIC.o
                0x00004adc                Ultrasonic_init
 .text.Ultrasonic_front_Get_Distance
                0x00004b22      0x242 ./HAL/ULTRASONIC/ULTRASONIC.o
                0x00004b22                Ultrasonic_front_Get_Distance
 .text.Ultrasonic_right_front_Get_Distance
                0x00004d64      0x242 ./HAL/ULTRASONIC/ULTRASONIC.o
                0x00004d64                Ultrasonic_right_front_Get_Distance
 .text.Ultrasonic_right_back_Get_Distance
                0x00004fa6      0x242 ./HAL/ULTRASONIC/ULTRASONIC.o
                0x00004fa6                Ultrasonic_right_back_Get_Distance
 .text.Ultrasonic_back_Get_Distance
                0x000051e8      0x242 ./HAL/ULTRASONIC/ULTRASONIC.o
                0x000051e8                Ultrasonic_back_Get_Distance
 .text.__vector_11
                0x0000542a       0xa0 ./HAL/ULTRASONIC/ULTRASONIC.o
                0x0000542a                __vector_11
 .text.__vector_14
                0x000054ca       0x2e ./HAL/ULTRASONIC/ULTRASONIC.o
                0x000054ca                __vector_14
 .text.UART_SendString
                0x000054f8       0x58 ./HAL/UART_SERV/UART_SERV.o
                0x000054f8                UART_SendString
 .text.UART_SendString_Asynch
                0x00005550       0x3a ./HAL/UART_SERV/UART_SERV.o
                0x00005550                UART_SendString_Asynch
 .text.Send_Int_Function
                0x0000558a       0x5c ./HAL/UART_SERV/UART_SERV.o
 .text.UART_SendString_Asynch_NocodeInInt
                0x000055e6       0x6a ./HAL/UART_SERV/UART_SERV.o
                0x000055e6                UART_SendString_Asynch_NocodeInInt
 .text.Send_Int_Function2
                0x00005650       0x14 ./HAL/UART_SERV/UART_SERV.o
 .text.UART_ReceiveString
                0x00005664       0x86 ./HAL/UART_SERV/UART_SERV.o
                0x00005664                UART_ReceiveString
 .text.UART_ReceiveString_NoBlock
                0x000056ea       0x82 ./HAL/UART_SERV/UART_SERV.o
                0x000056ea                UART_ReceiveString_NoBlock
 .text.UART_ReceiveString_Asynch
                0x0000576c       0x30 ./HAL/UART_SERV/UART_SERV.o
                0x0000576c                UART_ReceiveString_Asynch
 .text.Receive_Int_Function
                0x0000579c       0x3e ./HAL/UART_SERV/UART_SERV.o
 .text.SendString_MYProtocol
                0x000057da       0xac ./HAL/UART_SERV/UART_SERV.o
                0x000057da                SendString_MYProtocol
 .text.ReceiveString_MyProtocol
                0x00005886      0x13c ./HAL/UART_SERV/UART_SERV.o
                0x00005886                ReceiveString_MyProtocol
 .text.LCD_vidDirections
                0x000059c2       0x34 ./HAL/LCD_V2/LCD_V2.o
                0x000059c2                LCD_vidDirections
 .text.LCD_vidDirections4
                0x000059f6       0x54 ./HAL/LCD_V2/LCD_V2.o
                0x000059f6                LCD_vidDirections4
 .text.LCD_vidInit
                0x00005a4a      0x4e4 ./HAL/LCD_V2/LCD_V2.o
                0x00005a4a                LCD_vidInit
 .text.LCD_vidSendCommand
                0x00005f2e      0x22a ./HAL/LCD_V2/LCD_V2.o
                0x00005f2e                LCD_vidSendCommand
 .text.LCD_vidWriteCharacter
                0x00006158      0x22a ./HAL/LCD_V2/LCD_V2.o
                0x00006158                LCD_vidWriteCharacter
 .text.LCD_vidSendCommand4
                0x00006382       0x32 ./HAL/LCD_V2/LCD_V2.o
                0x00006382                LCD_vidSendCommand4
 .text.LCD_vidInit4
                0x000063b4      0x502 ./HAL/LCD_V2/LCD_V2.o
                0x000063b4                LCD_vidInit4
 .text.LCD_vidWriteCharacter4
                0x000068b6       0x32 ./HAL/LCD_V2/LCD_V2.o
                0x000068b6                LCD_vidWriteCharacter4
 .text.LCD_vidWriteString
                0x000068e8      0x146 ./HAL/LCD_V2/LCD_V2.o
                0x000068e8                LCD_vidWriteString
 .text.LCD_vidWriteString4
                0x00006a2e      0x146 ./HAL/LCD_V2/LCD_V2.o
                0x00006a2e                LCD_vidWriteString4
 .text.LCD_vidWriteUnSignedInteger
                0x00006b74      0x1ba ./HAL/LCD_V2/LCD_V2.o
                0x00006b74                LCD_vidWriteUnSignedInteger
 .text.LCD_vidWriteUnSignedInteger4
                0x00006d2e      0x1ba ./HAL/LCD_V2/LCD_V2.o
                0x00006d2e                LCD_vidWriteUnSignedInteger4
 .text.LCD_vidWriteSignedInteger
                0x00006ee8      0x2b2 ./HAL/LCD_V2/LCD_V2.o
                0x00006ee8                LCD_vidWriteSignedInteger
 .text.LCD_vidWriteSignedInteger4
                0x0000719a      0x2b2 ./HAL/LCD_V2/LCD_V2.o
                0x0000719a                LCD_vidWriteSignedInteger4
 .text.LCD_vidGotoxy
                0x0000744c       0x5a ./HAL/LCD_V2/LCD_V2.o
                0x0000744c                LCD_vidGotoxy
 .text.LCD_vidGotoxy4
                0x000074a6       0x5a ./HAL/LCD_V2/LCD_V2.o
                0x000074a6                LCD_vidGotoxy4
 .text.LCD_vidShiftDisplayCursor
                0x00007500      0x180 ./HAL/LCD_V2/LCD_V2.o
                0x00007500                LCD_vidShiftDisplayCursor
 .text.LCD_vidShiftDisplayCursor4
                0x00007680       0x98 ./HAL/LCD_V2/LCD_V2.o
                0x00007680                LCD_vidShiftDisplayCursor4
 .text.LCD_vidPrint
                0x00007718       0x54 ./HAL/LCD_V2/LCD_V2.o
                0x00007718                LCD_vidPrint
 .text.LCD_vidPrintInTwoLines
                0x0000776c       0xee ./HAL/LCD_V2/LCD_V2.o
                0x0000776c                LCD_vidPrintInTwoLines
 .text.LCD_vidPrint4
                0x0000785a       0x54 ./HAL/LCD_V2/LCD_V2.o
                0x0000785a                LCD_vidPrint4
 .text.LCD_vidPrintInTwoLines4
                0x000078ae       0x8c ./HAL/LCD_V2/LCD_V2.o
                0x000078ae                LCD_vidPrintInTwoLines4
 .text.project_init
                0x0000793a       0xa2 ./HAL/APP_SERV/APP_SERV.o
                0x0000793a                project_init
 .text.autopark
                0x000079dc      0x224 ./HAL/APP_SERV/APP_SERV.o
                0x000079dc                autopark
 .text.autopark_check
                0x00007c00       0x3e ./HAL/APP_SERV/APP_SERV.o
                0x00007c00                autopark_check
 .text.forward_move
                0x00007c3e      0x20c ./HAL/APP_SERV/APP_SERV.o
                0x00007c3e                forward_move
 .text.backward_move
                0x00007e4a      0x20c ./HAL/APP_SERV/APP_SERV.o
                0x00007e4a                backward_move
 .text.STOP_CAR
                0x00008056      0x11e ./HAL/APP_SERV/APP_SERV.o
                0x00008056                STOP_CAR
 .text.right_move
                0x00008174      0x20c ./HAL/APP_SERV/APP_SERV.o
                0x00008174                right_move
 .text.right_half_move
                0x00008380      0x20c ./HAL/APP_SERV/APP_SERV.o
                0x00008380                right_half_move
 .text.left_move
                0x0000858c      0x20c ./HAL/APP_SERV/APP_SERV.o
                0x0000858c                left_move
 .text.left_half_move
                0x00008798      0x20c ./HAL/APP_SERV/APP_SERV.o
                0x00008798                left_half_move
 .text.check_length_CAR
                0x000089a4      0x34e ./HAL/APP_SERV/APP_SERV.o
                0x000089a4                check_length_CAR
 .text.start_parking
                0x00008cf2      0x460 ./HAL/APP_SERV/APP_SERV.o
                0x00008cf2                start_parking
 .text.__vector_16
                0x00009152       0xcc ./HAL/APP_SERV/APP_SERV.o
                0x00009152                __vector_16
 .text.LCD_LIGHT
                0x0000921e       0x22 ./HAL/APP_SERV/APP_SERV.o
                0x0000921e                LCD_LIGHT
 .text.main     0x00009240       0x12 ./APP/main.o
                0x00009240                main
 .text.libgcc   0x00009252       0x44 e:/imt_sdk_win_64/winavr/bin/../lib/gcc/avr/4.3.3/avr51\libgcc.a(_udivmodsi4.o)
                0x00009252                __udivmodsi4
 .text.libgcc   0x00009296        0x0 e:/imt_sdk_win_64/winavr/bin/../lib/gcc/avr/4.3.3/avr51\libgcc.a(_exit.o)
 .text.libgcc   0x00009296        0x0 e:/imt_sdk_win_64/winavr/bin/../lib/gcc/avr/4.3.3/avr51\libgcc.a(_clear_bss.o)
 .text.libgcc   0x00009296       0x3e e:/imt_sdk_win_64/winavr/bin/../lib/gcc/avr/4.3.3/avr51\libgcc.a(_mulsi3.o)
                0x00009296                __mulsi3
 .text.libgcc   0x000092d4       0x38 e:/imt_sdk_win_64/winavr/bin/../lib/gcc/avr/4.3.3/avr51\libgcc.a(_prologue.o)
                0x000092d4                __prologue_saves__
 .text.libgcc   0x0000930c       0x36 e:/imt_sdk_win_64/winavr/bin/../lib/gcc/avr/4.3.3/avr51\libgcc.a(_epilogue.o)
                0x0000930c                __epilogue_restores__
                0x00009342                . = ALIGN (0x2)
 *(.fini9)
 .fini9         0x00009342        0x0 e:/imt_sdk_win_64/winavr/bin/../lib/gcc/avr/4.3.3/avr51\libgcc.a(_exit.o)
                0x00009342                exit
                0x00009342                _exit
 *(.fini9)
 *(.fini8)
 *(.fini8)
 *(.fini7)
 *(.fini7)
 *(.fini6)
 *(.fini6)
 *(.fini5)
 *(.fini5)
 *(.fini4)
 *(.fini4)
 *(.fini3)
 *(.fini3)
 *(.fini2)
 *(.fini2)
 *(.fini1)
 *(.fini1)
 *(.fini0)
 .fini0         0x00009342        0x4 e:/imt_sdk_win_64/winavr/bin/../lib/gcc/avr/4.3.3/avr51\libgcc.a(_exit.o)
 *(.fini0)
                0x00009346                _etext = .

.data           0x00800100      0x1d2 load address 0x00009346
                0x00800100                PROVIDE (__data_start, .)
 *(.data)
 .data          0x00800100        0x0 e:/imt_sdk_win_64/winavr/bin/../lib/gcc/avr/4.3.3/../../../../avr/lib/avr51/crtm128.o
 .data          0x00800100        0x0 ./MCAL/UART/UART.o
 .data          0x00800100        0x0 ./MCAL/TIMER/TIMER_3/Timer3.o
 .data          0x00800100        0x0 ./MCAL/TIMER/TIMER_1/Timer1.o
 .data          0x00800100        0x0 ./MCAL/TIMER/TIMER_0/Timer0.o
 .data          0x00800100        0x0 ./MCAL/DIO/DIO.o
 .data          0x00800100        0x0 ./HAL/ULTRASONIC/ULTRASONIC.o
 .data          0x00800100        0x0 ./HAL/UART_SERV/UART_SERV.o
 .data          0x00800100        0x0 ./HAL/LCD_V2/LCD_V2.o
 .data          0x00800100       0xc8 ./HAL/APP_SERV/APP_SERV.o
 .data          0x008001c8        0x0 ./APP/main.o
 .data          0x008001c8        0x0 e:/imt_sdk_win_64/winavr/bin/../lib/gcc/avr/4.3.3/avr51\libgcc.a(_udivmodsi4.o)
 .data          0x008001c8        0x0 e:/imt_sdk_win_64/winavr/bin/../lib/gcc/avr/4.3.3/avr51\libgcc.a(_exit.o)
 .data          0x008001c8        0x0 e:/imt_sdk_win_64/winavr/bin/../lib/gcc/avr/4.3.3/avr51\libgcc.a(_clear_bss.o)
 .data          0x008001c8        0x0 e:/imt_sdk_win_64/winavr/bin/../lib/gcc/avr/4.3.3/avr51\libgcc.a(_fixunssfsi.o)
 .data          0x008001c8        0x0 e:/imt_sdk_win_64/winavr/bin/../lib/gcc/avr/4.3.3/avr51\libgcc.a(_udivdi3.o)
 .data          0x008001c8        0x0 e:/imt_sdk_win_64/winavr/bin/../lib/gcc/avr/4.3.3/avr51\libgcc.a(_umoddi3.o)
 .data          0x008001c8        0x0 e:/imt_sdk_win_64/winavr/bin/../lib/gcc/avr/4.3.3/avr51\libgcc.a(_addsub_sf.o)
 .data          0x008001c8        0x0 e:/imt_sdk_win_64/winavr/bin/../lib/gcc/avr/4.3.3/avr51\libgcc.a(_mul_sf.o)
 .data          0x008001c8        0x0 e:/imt_sdk_win_64/winavr/bin/../lib/gcc/avr/4.3.3/avr51\libgcc.a(_div_sf.o)
 .data          0x008001c8        0x0 e:/imt_sdk_win_64/winavr/bin/../lib/gcc/avr/4.3.3/avr51\libgcc.a(_gt_sf.o)
 .data          0x008001c8        0x0 e:/imt_sdk_win_64/winavr/bin/../lib/gcc/avr/4.3.3/avr51\libgcc.a(_ge_sf.o)
 .data          0x008001c8        0x0 e:/imt_sdk_win_64/winavr/bin/../lib/gcc/avr/4.3.3/avr51\libgcc.a(_lt_sf.o)
 .data          0x008001c8        0x0 e:/imt_sdk_win_64/winavr/bin/../lib/gcc/avr/4.3.3/avr51\libgcc.a(_sf_to_si.o)
 .data          0x008001c8        0x8 e:/imt_sdk_win_64/winavr/bin/../lib/gcc/avr/4.3.3/avr51\libgcc.a(_thenan_sf.o)
                0x008001c8                __thenan_sf
 .data          0x008001d0        0x0 e:/imt_sdk_win_64/winavr/bin/../lib/gcc/avr/4.3.3/avr51\libgcc.a(_mulsi3.o)
 .data          0x008001d0        0x0 e:/imt_sdk_win_64/winavr/bin/../lib/gcc/avr/4.3.3/avr51\libgcc.a(_prologue.o)
 .data          0x008001d0        0x0 e:/imt_sdk_win_64/winavr/bin/../lib/gcc/avr/4.3.3/avr51\libgcc.a(_epilogue.o)
 .data          0x008001d0      0x100 e:/imt_sdk_win_64/winavr/bin/../lib/gcc/avr/4.3.3/avr51\libgcc.a(_clz.o)
                0x008001d0                __clz_tab
 .data          0x008002d0        0x0 e:/imt_sdk_win_64/winavr/bin/../lib/gcc/avr/4.3.3/avr51\libgcc.a(_pack_sf.o)
 .data          0x008002d0        0x0 e:/imt_sdk_win_64/winavr/bin/../lib/gcc/avr/4.3.3/avr51\libgcc.a(_unpack_sf.o)
 .data          0x008002d0        0x0 e:/imt_sdk_win_64/winavr/bin/../lib/gcc/avr/4.3.3/avr51\libgcc.a(_fpcmp_parts_sf.o)
 *(.data*)
 .data.flag     0x008002d0        0x1 ./HAL/UART_SERV/UART_SERV.o
                0x008002d0                flag
 .data.i.1460   0x008002d1        0x1 ./HAL/UART_SERV/UART_SERV.o
 *(.rodata)
 *(.rodata*)
 *(.gnu.linkonce.d*)
                0x008002d2                . = ALIGN (0x2)
                0x008002d2                _edata = .
                0x008002d2                PROVIDE (__data_end, .)

.bss            0x008002d2       0x1d
                0x008002d2                PROVIDE (__bss_start, .)
 *(.bss)
 .bss           0x008002d2        0x0 e:/imt_sdk_win_64/winavr/bin/../lib/gcc/avr/4.3.3/../../../../avr/lib/avr51/crtm128.o
 .bss           0x008002d2        0x0 ./MCAL/UART/UART.o
 .bss           0x008002d2        0x0 ./MCAL/TIMER/TIMER_3/Timer3.o
 .bss           0x008002d2        0x0 ./MCAL/TIMER/TIMER_1/Timer1.o
 .bss           0x008002d2        0x0 ./MCAL/TIMER/TIMER_0/Timer0.o
 .bss           0x008002d2        0x0 ./MCAL/DIO/DIO.o
 .bss           0x008002d2        0x0 ./HAL/ULTRASONIC/ULTRASONIC.o
 .bss           0x008002d2        0x0 ./HAL/UART_SERV/UART_SERV.o
 .bss           0x008002d2        0x0 ./HAL/LCD_V2/LCD_V2.o
 .bss           0x008002d2        0x0 ./HAL/APP_SERV/APP_SERV.o
 .bss           0x008002d2        0x0 ./APP/main.o
 .bss           0x008002d2        0x0 e:/imt_sdk_win_64/winavr/bin/../lib/gcc/avr/4.3.3/avr51\libgcc.a(_udivmodsi4.o)
 .bss           0x008002d2        0x0 e:/imt_sdk_win_64/winavr/bin/../lib/gcc/avr/4.3.3/avr51\libgcc.a(_exit.o)
 .bss           0x008002d2        0x0 e:/imt_sdk_win_64/winavr/bin/../lib/gcc/avr/4.3.3/avr51\libgcc.a(_clear_bss.o)
 .bss           0x008002d2        0x0 e:/imt_sdk_win_64/winavr/bin/../lib/gcc/avr/4.3.3/avr51\libgcc.a(_fixunssfsi.o)
 .bss           0x008002d2        0x0 e:/imt_sdk_win_64/winavr/bin/../lib/gcc/avr/4.3.3/avr51\libgcc.a(_udivdi3.o)
 .bss           0x008002d2        0x0 e:/imt_sdk_win_64/winavr/bin/../lib/gcc/avr/4.3.3/avr51\libgcc.a(_umoddi3.o)
 .bss           0x008002d2        0x0 e:/imt_sdk_win_64/winavr/bin/../lib/gcc/avr/4.3.3/avr51\libgcc.a(_addsub_sf.o)
 .bss           0x008002d2        0x0 e:/imt_sdk_win_64/winavr/bin/../lib/gcc/avr/4.3.3/avr51\libgcc.a(_mul_sf.o)
 .bss           0x008002d2        0x0 e:/imt_sdk_win_64/winavr/bin/../lib/gcc/avr/4.3.3/avr51\libgcc.a(_div_sf.o)
 .bss           0x008002d2        0x0 e:/imt_sdk_win_64/winavr/bin/../lib/gcc/avr/4.3.3/avr51\libgcc.a(_gt_sf.o)
 .bss           0x008002d2        0x0 e:/imt_sdk_win_64/winavr/bin/../lib/gcc/avr/4.3.3/avr51\libgcc.a(_ge_sf.o)
 .bss           0x008002d2        0x0 e:/imt_sdk_win_64/winavr/bin/../lib/gcc/avr/4.3.3/avr51\libgcc.a(_lt_sf.o)
 .bss           0x008002d2        0x0 e:/imt_sdk_win_64/winavr/bin/../lib/gcc/avr/4.3.3/avr51\libgcc.a(_sf_to_si.o)
 .bss           0x008002d2        0x0 e:/imt_sdk_win_64/winavr/bin/../lib/gcc/avr/4.3.3/avr51\libgcc.a(_thenan_sf.o)
 .bss           0x008002d2        0x0 e:/imt_sdk_win_64/winavr/bin/../lib/gcc/avr/4.3.3/avr51\libgcc.a(_mulsi3.o)
 .bss           0x008002d2        0x0 e:/imt_sdk_win_64/winavr/bin/../lib/gcc/avr/4.3.3/avr51\libgcc.a(_prologue.o)
 .bss           0x008002d2        0x0 e:/imt_sdk_win_64/winavr/bin/../lib/gcc/avr/4.3.3/avr51\libgcc.a(_epilogue.o)
 .bss           0x008002d2        0x0 e:/imt_sdk_win_64/winavr/bin/../lib/gcc/avr/4.3.3/avr51\libgcc.a(_clz.o)
 .bss           0x008002d2        0x0 e:/imt_sdk_win_64/winavr/bin/../lib/gcc/avr/4.3.3/avr51\libgcc.a(_pack_sf.o)
 .bss           0x008002d2        0x0 e:/imt_sdk_win_64/winavr/bin/../lib/gcc/avr/4.3.3/avr51\libgcc.a(_unpack_sf.o)
 .bss           0x008002d2        0x0 e:/imt_sdk_win_64/winavr/bin/../lib/gcc/avr/4.3.3/avr51\libgcc.a(_fpcmp_parts_sf.o)
 *(.bss*)
 .bss.Ptr_To_Trans_Int
                0x008002d2        0x2 ./MCAL/UART/UART.o
 .bss.Ptr_To_Rece_Int
                0x008002d4        0x2 ./MCAL/UART/UART.o
 .bss.f         0x008002d6        0x1 ./HAL/ULTRASONIC/ULTRASONIC.o
                0x008002d6                f
 .bss.c         0x008002d7        0x1 ./HAL/ULTRASONIC/ULTRASONIC.o
                0x008002d7                c
 .bss.t1        0x008002d8        0x2 ./HAL/ULTRASONIC/ULTRASONIC.o
                0x008002d8                t1
 .bss.t2        0x008002da        0x2 ./HAL/ULTRASONIC/ULTRASONIC.o
                0x008002da                t2
 .bss.i.1479    0x008002dc        0x1 ./HAL/UART_SERV/UART_SERV.o
 .bss.i.1543    0x008002dd        0x1 ./HAL/UART_SERV/UART_SERV.o
 .bss.Asynch_Send_Str
                0x008002de        0x2 ./HAL/UART_SERV/UART_SERV.o
 .bss.Asynch_receive_str
                0x008002e0        0x2 ./HAL/UART_SERV/UART_SERV.o
 .bss.count_right_front
                0x008002e2        0x2 ./HAL/APP_SERV/APP_SERV.o
                0x008002e2                count_right_front
 .bss.count_back
                0x008002e4        0x2 ./HAL/APP_SERV/APP_SERV.o
                0x008002e4                count_back
 .bss.count_front
                0x008002e6        0x2 ./HAL/APP_SERV/APP_SERV.o
                0x008002e6                count_front
 .bss.ultra_right_front
                0x008002e8        0x2 ./HAL/APP_SERV/APP_SERV.o
                0x008002e8                ultra_right_front
 .bss.ultra_back
                0x008002ea        0x2 ./HAL/APP_SERV/APP_SERV.o
                0x008002ea                ultra_back
 .bss.ultra_front
                0x008002ec        0x2 ./HAL/APP_SERV/APP_SERV.o
                0x008002ec                ultra_front
 .bss.count_back_flag
                0x008002ee        0x1 ./HAL/APP_SERV/APP_SERV.o
                0x008002ee                count_back_flag
 *(COMMON)
                0x008002ef                PROVIDE (__bss_end, .)
                0x00009346                __data_load_start = LOADADDR (.data)
                0x00009518                __data_load_end = (__data_load_start + SIZEOF (.data))

.noinit         0x008002ef        0x0
                0x008002ef                PROVIDE (__noinit_start, .)
 *(.noinit*)
                0x008002ef                PROVIDE (__noinit_end, .)
                0x008002ef                _end = .
                0x008002ef                PROVIDE (__heap_start, .)

.eeprom         0x00810000        0x0
 *(.eeprom*)
                0x00810000                __eeprom_end = .

.fuse
 *(.fuse)
 *(.lfuse)
 *(.hfuse)
 *(.efuse)

.lock
 *(.lock*)

.signature
 *(.signature*)

.stab           0x00000000     0x76f8
 *(.stab)
 .stab          0x00000000      0x69c ./MCAL/UART/UART.o
 .stab          0x0000069c      0xa2c ./MCAL/TIMER/TIMER_3/Timer3.o
                                0xa38 (size before relaxing)
 .stab          0x000010c8      0xa80 ./MCAL/TIMER/TIMER_1/Timer1.o
                                0xa8c (size before relaxing)
 .stab          0x00001b48      0x480 ./MCAL/TIMER/TIMER_0/Timer0.o
                                0x48c (size before relaxing)
 .stab          0x00001fc8      0x834 ./MCAL/DIO/DIO.o
                                0x840 (size before relaxing)
 .stab          0x000027fc      0xe34 ./HAL/ULTRASONIC/ULTRASONIC.o
                                0xe40 (size before relaxing)
 .stab          0x00003630      0x9e4 ./HAL/UART_SERV/UART_SERV.o
                                0xb7c (size before relaxing)
 .stab          0x00004014     0x1ad0 ./HAL/LCD_V2/LCD_V2.o
                               0x1c68 (size before relaxing)
 .stab          0x00005ae4     0x1a88 ./HAL/APP_SERV/APP_SERV.o
                               0x1cbc (size before relaxing)
 .stab          0x0000756c      0x18c ./APP/main.o
                                0x564 (size before relaxing)

.stabstr        0x00000000     0x3b95
 *(.stabstr)
 .stabstr       0x00000000     0x3b95 ./MCAL/UART/UART.o

.stab.excl
 *(.stab.excl)

.stab.exclstr
 *(.stab.exclstr)

.stab.index
 *(.stab.index)

.stab.indexstr
 *(.stab.indexstr)

.comment
 *(.comment)

.debug
 *(.debug)

.line
 *(.line)

.debug_srcinfo
 *(.debug_srcinfo)

.debug_sfnames
 *(.debug_sfnames)

.debug_aranges  0x00000000      0x1a0
 *(.debug_aranges)
 .debug_aranges
                0x00000000       0x20 e:/imt_sdk_win_64/winavr/bin/../lib/gcc/avr/4.3.3/avr51\libgcc.a(_fixunssfsi.o)
 .debug_aranges
                0x00000020       0x20 e:/imt_sdk_win_64/winavr/bin/../lib/gcc/avr/4.3.3/avr51\libgcc.a(_udivdi3.o)
 .debug_aranges
                0x00000040       0x20 e:/imt_sdk_win_64/winavr/bin/../lib/gcc/avr/4.3.3/avr51\libgcc.a(_umoddi3.o)
 .debug_aranges
                0x00000060       0x20 e:/imt_sdk_win_64/winavr/bin/../lib/gcc/avr/4.3.3/avr51\libgcc.a(_addsub_sf.o)
 .debug_aranges
                0x00000080       0x20 e:/imt_sdk_win_64/winavr/bin/../lib/gcc/avr/4.3.3/avr51\libgcc.a(_mul_sf.o)
 .debug_aranges
                0x000000a0       0x20 e:/imt_sdk_win_64/winavr/bin/../lib/gcc/avr/4.3.3/avr51\libgcc.a(_div_sf.o)
 .debug_aranges
                0x000000c0       0x20 e:/imt_sdk_win_64/winavr/bin/../lib/gcc/avr/4.3.3/avr51\libgcc.a(_gt_sf.o)
 .debug_aranges
                0x000000e0       0x20 e:/imt_sdk_win_64/winavr/bin/../lib/gcc/avr/4.3.3/avr51\libgcc.a(_ge_sf.o)
 .debug_aranges
                0x00000100       0x20 e:/imt_sdk_win_64/winavr/bin/../lib/gcc/avr/4.3.3/avr51\libgcc.a(_lt_sf.o)
 .debug_aranges
                0x00000120       0x20 e:/imt_sdk_win_64/winavr/bin/../lib/gcc/avr/4.3.3/avr51\libgcc.a(_sf_to_si.o)
 .debug_aranges
                0x00000140       0x20 e:/imt_sdk_win_64/winavr/bin/../lib/gcc/avr/4.3.3/avr51\libgcc.a(_pack_sf.o)
 .debug_aranges
                0x00000160       0x20 e:/imt_sdk_win_64/winavr/bin/../lib/gcc/avr/4.3.3/avr51\libgcc.a(_unpack_sf.o)
 .debug_aranges
                0x00000180       0x20 e:/imt_sdk_win_64/winavr/bin/../lib/gcc/avr/4.3.3/avr51\libgcc.a(_fpcmp_parts_sf.o)

.debug_pubnames
                0x00000000      0x1ef
 *(.debug_pubnames)
 .debug_pubnames
                0x00000000       0x23 e:/imt_sdk_win_64/winavr/bin/../lib/gcc/avr/4.3.3/avr51\libgcc.a(_fixunssfsi.o)
 .debug_pubnames
                0x00000023       0x20 e:/imt_sdk_win_64/winavr/bin/../lib/gcc/avr/4.3.3/avr51\libgcc.a(_udivdi3.o)
 .debug_pubnames
                0x00000043       0x20 e:/imt_sdk_win_64/winavr/bin/../lib/gcc/avr/4.3.3/avr51\libgcc.a(_umoddi3.o)
 .debug_pubnames
                0x00000063       0x2c e:/imt_sdk_win_64/winavr/bin/../lib/gcc/avr/4.3.3/avr51\libgcc.a(_addsub_sf.o)
 .debug_pubnames
                0x0000008f       0x1f e:/imt_sdk_win_64/winavr/bin/../lib/gcc/avr/4.3.3/avr51\libgcc.a(_mul_sf.o)
 .debug_pubnames
                0x000000ae       0x1f e:/imt_sdk_win_64/winavr/bin/../lib/gcc/avr/4.3.3/avr51\libgcc.a(_div_sf.o)
 .debug_pubnames
                0x000000cd       0x1e e:/imt_sdk_win_64/winavr/bin/../lib/gcc/avr/4.3.3/avr51\libgcc.a(_gt_sf.o)
 .debug_pubnames
                0x000000eb       0x1e e:/imt_sdk_win_64/winavr/bin/../lib/gcc/avr/4.3.3/avr51\libgcc.a(_ge_sf.o)
 .debug_pubnames
                0x00000109       0x1e e:/imt_sdk_win_64/winavr/bin/../lib/gcc/avr/4.3.3/avr51\libgcc.a(_lt_sf.o)
 .debug_pubnames
                0x00000127       0x20 e:/imt_sdk_win_64/winavr/bin/../lib/gcc/avr/4.3.3/avr51\libgcc.a(_sf_to_si.o)
 .debug_pubnames
                0x00000147       0x22 e:/imt_sdk_win_64/winavr/bin/../lib/gcc/avr/4.3.3/avr51\libgcc.a(_thenan_sf.o)
 .debug_pubnames
                0x00000169       0x20 e:/imt_sdk_win_64/winavr/bin/../lib/gcc/avr/4.3.3/avr51\libgcc.a(_clz.o)
 .debug_pubnames
                0x00000189       0x1f e:/imt_sdk_win_64/winavr/bin/../lib/gcc/avr/4.3.3/avr51\libgcc.a(_pack_sf.o)
 .debug_pubnames
                0x000001a8       0x21 e:/imt_sdk_win_64/winavr/bin/../lib/gcc/avr/4.3.3/avr51\libgcc.a(_unpack_sf.o)
 .debug_pubnames
                0x000001c9       0x26 e:/imt_sdk_win_64/winavr/bin/../lib/gcc/avr/4.3.3/avr51\libgcc.a(_fpcmp_parts_sf.o)

.debug_info     0x00000000     0x2f63
 *(.debug_info)
 .debug_info    0x00000000       0xb1 e:/imt_sdk_win_64/winavr/bin/../lib/gcc/avr/4.3.3/avr51\libgcc.a(_fixunssfsi.o)
 .debug_info    0x000000b1      0x71e e:/imt_sdk_win_64/winavr/bin/../lib/gcc/avr/4.3.3/avr51\libgcc.a(_udivdi3.o)
 .debug_info    0x000007cf      0x757 e:/imt_sdk_win_64/winavr/bin/../lib/gcc/avr/4.3.3/avr51\libgcc.a(_umoddi3.o)
 .debug_info    0x00000f26      0x47a e:/imt_sdk_win_64/winavr/bin/../lib/gcc/avr/4.3.3/avr51\libgcc.a(_addsub_sf.o)
 .debug_info    0x000013a0      0x485 e:/imt_sdk_win_64/winavr/bin/../lib/gcc/avr/4.3.3/avr51\libgcc.a(_mul_sf.o)
 .debug_info    0x00001825      0x3fc e:/imt_sdk_win_64/winavr/bin/../lib/gcc/avr/4.3.3/avr51\libgcc.a(_div_sf.o)
 .debug_info    0x00001c21      0x27f e:/imt_sdk_win_64/winavr/bin/../lib/gcc/avr/4.3.3/avr51\libgcc.a(_gt_sf.o)
 .debug_info    0x00001ea0      0x27f e:/imt_sdk_win_64/winavr/bin/../lib/gcc/avr/4.3.3/avr51\libgcc.a(_ge_sf.o)
 .debug_info    0x0000211f      0x27f e:/imt_sdk_win_64/winavr/bin/../lib/gcc/avr/4.3.3/avr51\libgcc.a(_lt_sf.o)
 .debug_info    0x0000239e      0x2b0 e:/imt_sdk_win_64/winavr/bin/../lib/gcc/avr/4.3.3/avr51\libgcc.a(_sf_to_si.o)
 .debug_info    0x0000264e      0x12c e:/imt_sdk_win_64/winavr/bin/../lib/gcc/avr/4.3.3/avr51\libgcc.a(_thenan_sf.o)
 .debug_info    0x0000277a       0xa9 e:/imt_sdk_win_64/winavr/bin/../lib/gcc/avr/4.3.3/avr51\libgcc.a(_clz.o)
 .debug_info    0x00002823      0x2df e:/imt_sdk_win_64/winavr/bin/../lib/gcc/avr/4.3.3/avr51\libgcc.a(_pack_sf.o)
 .debug_info    0x00002b02      0x251 e:/imt_sdk_win_64/winavr/bin/../lib/gcc/avr/4.3.3/avr51\libgcc.a(_unpack_sf.o)
 .debug_info    0x00002d53      0x210 e:/imt_sdk_win_64/winavr/bin/../lib/gcc/avr/4.3.3/avr51\libgcc.a(_fpcmp_parts_sf.o)
 *(.gnu.linkonce.wi.*)

.debug_abbrev   0x00000000     0x147c
 *(.debug_abbrev)
 .debug_abbrev  0x00000000       0x5d e:/imt_sdk_win_64/winavr/bin/../lib/gcc/avr/4.3.3/avr51\libgcc.a(_fixunssfsi.o)
 .debug_abbrev  0x0000005d      0x181 e:/imt_sdk_win_64/winavr/bin/../lib/gcc/avr/4.3.3/avr51\libgcc.a(_udivdi3.o)
 .debug_abbrev  0x000001de      0x190 e:/imt_sdk_win_64/winavr/bin/../lib/gcc/avr/4.3.3/avr51\libgcc.a(_umoddi3.o)
 .debug_abbrev  0x0000036e      0x1ea e:/imt_sdk_win_64/winavr/bin/../lib/gcc/avr/4.3.3/avr51\libgcc.a(_addsub_sf.o)
 .debug_abbrev  0x00000558      0x21b e:/imt_sdk_win_64/winavr/bin/../lib/gcc/avr/4.3.3/avr51\libgcc.a(_mul_sf.o)
 .debug_abbrev  0x00000773      0x216 e:/imt_sdk_win_64/winavr/bin/../lib/gcc/avr/4.3.3/avr51\libgcc.a(_div_sf.o)
 .debug_abbrev  0x00000989      0x15a e:/imt_sdk_win_64/winavr/bin/../lib/gcc/avr/4.3.3/avr51\libgcc.a(_gt_sf.o)
 .debug_abbrev  0x00000ae3      0x15a e:/imt_sdk_win_64/winavr/bin/../lib/gcc/avr/4.3.3/avr51\libgcc.a(_ge_sf.o)
 .debug_abbrev  0x00000c3d      0x15a e:/imt_sdk_win_64/winavr/bin/../lib/gcc/avr/4.3.3/avr51\libgcc.a(_lt_sf.o)
 .debug_abbrev  0x00000d97      0x17f e:/imt_sdk_win_64/winavr/bin/../lib/gcc/avr/4.3.3/avr51\libgcc.a(_sf_to_si.o)
 .debug_abbrev  0x00000f16       0xad e:/imt_sdk_win_64/winavr/bin/../lib/gcc/avr/4.3.3/avr51\libgcc.a(_thenan_sf.o)
 .debug_abbrev  0x00000fc3       0x6a e:/imt_sdk_win_64/winavr/bin/../lib/gcc/avr/4.3.3/avr51\libgcc.a(_clz.o)
 .debug_abbrev  0x0000102d      0x1c0 e:/imt_sdk_win_64/winavr/bin/../lib/gcc/avr/4.3.3/avr51\libgcc.a(_pack_sf.o)
 .debug_abbrev  0x000011ed      0x154 e:/imt_sdk_win_64/winavr/bin/../lib/gcc/avr/4.3.3/avr51\libgcc.a(_unpack_sf.o)
 .debug_abbrev  0x00001341      0x13b e:/imt_sdk_win_64/winavr/bin/../lib/gcc/avr/4.3.3/avr51\libgcc.a(_fpcmp_parts_sf.o)

.debug_line     0x00000000     0x1406
 *(.debug_line)
 .debug_line    0x00000000       0xa7 e:/imt_sdk_win_64/winavr/bin/../lib/gcc/avr/4.3.3/avr51\libgcc.a(_fixunssfsi.o)
 .debug_line    0x000000a7      0x1d8 e:/imt_sdk_win_64/winavr/bin/../lib/gcc/avr/4.3.3/avr51\libgcc.a(_udivdi3.o)
 .debug_line    0x0000027f      0x230 e:/imt_sdk_win_64/winavr/bin/../lib/gcc/avr/4.3.3/avr51\libgcc.a(_umoddi3.o)
 .debug_line    0x000004af      0x2af e:/imt_sdk_win_64/winavr/bin/../lib/gcc/avr/4.3.3/avr51\libgcc.a(_addsub_sf.o)
 .debug_line    0x0000075e      0x239 e:/imt_sdk_win_64/winavr/bin/../lib/gcc/avr/4.3.3/avr51\libgcc.a(_mul_sf.o)
 .debug_line    0x00000997      0x1d5 e:/imt_sdk_win_64/winavr/bin/../lib/gcc/avr/4.3.3/avr51\libgcc.a(_div_sf.o)
 .debug_line    0x00000b6c       0xd3 e:/imt_sdk_win_64/winavr/bin/../lib/gcc/avr/4.3.3/avr51\libgcc.a(_gt_sf.o)
 .debug_line    0x00000c3f       0xd3 e:/imt_sdk_win_64/winavr/bin/../lib/gcc/avr/4.3.3/avr51\libgcc.a(_ge_sf.o)
 .debug_line    0x00000d12       0xd3 e:/imt_sdk_win_64/winavr/bin/../lib/gcc/avr/4.3.3/avr51\libgcc.a(_lt_sf.o)
 .debug_line    0x00000de5      0x109 e:/imt_sdk_win_64/winavr/bin/../lib/gcc/avr/4.3.3/avr51\libgcc.a(_sf_to_si.o)
 .debug_line    0x00000eee       0x90 e:/imt_sdk_win_64/winavr/bin/../lib/gcc/avr/4.3.3/avr51\libgcc.a(_thenan_sf.o)
 .debug_line    0x00000f7e       0x7c e:/imt_sdk_win_64/winavr/bin/../lib/gcc/avr/4.3.3/avr51\libgcc.a(_clz.o)
 .debug_line    0x00000ffa      0x18a e:/imt_sdk_win_64/winavr/bin/../lib/gcc/avr/4.3.3/avr51\libgcc.a(_pack_sf.o)
 .debug_line    0x00001184      0x14b e:/imt_sdk_win_64/winavr/bin/../lib/gcc/avr/4.3.3/avr51\libgcc.a(_unpack_sf.o)
 .debug_line    0x000012cf      0x137 e:/imt_sdk_win_64/winavr/bin/../lib/gcc/avr/4.3.3/avr51\libgcc.a(_fpcmp_parts_sf.o)

.debug_frame    0x00000000      0x1c0
 *(.debug_frame)
 .debug_frame   0x00000000       0x20 e:/imt_sdk_win_64/winavr/bin/../lib/gcc/avr/4.3.3/avr51\libgcc.a(_fixunssfsi.o)
 .debug_frame   0x00000020       0x20 e:/imt_sdk_win_64/winavr/bin/../lib/gcc/avr/4.3.3/avr51\libgcc.a(_udivdi3.o)
 .debug_frame   0x00000040       0x20 e:/imt_sdk_win_64/winavr/bin/../lib/gcc/avr/4.3.3/avr51\libgcc.a(_umoddi3.o)
 .debug_frame   0x00000060       0x40 e:/imt_sdk_win_64/winavr/bin/../lib/gcc/avr/4.3.3/avr51\libgcc.a(_addsub_sf.o)
 .debug_frame   0x000000a0       0x20 e:/imt_sdk_win_64/winavr/bin/../lib/gcc/avr/4.3.3/avr51\libgcc.a(_mul_sf.o)
 .debug_frame   0x000000c0       0x20 e:/imt_sdk_win_64/winavr/bin/../lib/gcc/avr/4.3.3/avr51\libgcc.a(_div_sf.o)
 .debug_frame   0x000000e0       0x20 e:/imt_sdk_win_64/winavr/bin/../lib/gcc/avr/4.3.3/avr51\libgcc.a(_gt_sf.o)
 .debug_frame   0x00000100       0x20 e:/imt_sdk_win_64/winavr/bin/../lib/gcc/avr/4.3.3/avr51\libgcc.a(_ge_sf.o)
 .debug_frame   0x00000120       0x20 e:/imt_sdk_win_64/winavr/bin/../lib/gcc/avr/4.3.3/avr51\libgcc.a(_lt_sf.o)
 .debug_frame   0x00000140       0x20 e:/imt_sdk_win_64/winavr/bin/../lib/gcc/avr/4.3.3/avr51\libgcc.a(_sf_to_si.o)
 .debug_frame   0x00000160       0x20 e:/imt_sdk_win_64/winavr/bin/../lib/gcc/avr/4.3.3/avr51\libgcc.a(_pack_sf.o)
 .debug_frame   0x00000180       0x20 e:/imt_sdk_win_64/winavr/bin/../lib/gcc/avr/4.3.3/avr51\libgcc.a(_unpack_sf.o)
 .debug_frame   0x000001a0       0x20 e:/imt_sdk_win_64/winavr/bin/../lib/gcc/avr/4.3.3/avr51\libgcc.a(_fpcmp_parts_sf.o)

.debug_str      0x00000000      0x353
 *(.debug_str)
 .debug_str     0x00000000       0xc0 e:/imt_sdk_win_64/winavr/bin/../lib/gcc/avr/4.3.3/avr51\libgcc.a(_fixunssfsi.o)
                                 0xff (size before relaxing)
 .debug_str     0x000000c0       0x8d e:/imt_sdk_win_64/winavr/bin/../lib/gcc/avr/4.3.3/avr51\libgcc.a(_udivdi3.o)
                                0x18b (size before relaxing)
 .debug_str     0x0000014d        0xa e:/imt_sdk_win_64/winavr/bin/../lib/gcc/avr/4.3.3/avr51\libgcc.a(_umoddi3.o)
                                0x18b (size before relaxing)
 .debug_str     0x00000157      0x14d e:/imt_sdk_win_64/winavr/bin/../lib/gcc/avr/4.3.3/avr51\libgcc.a(_addsub_sf.o)
                                0x207 (size before relaxing)
 .debug_str     0x000002a4       0x27 e:/imt_sdk_win_64/winavr/bin/../lib/gcc/avr/4.3.3/avr51\libgcc.a(_mul_sf.o)
                                0x1c0 (size before relaxing)
 .debug_str     0x000002cb       0x35 e:/imt_sdk_win_64/winavr/bin/../lib/gcc/avr/4.3.3/avr51\libgcc.a(_div_sf.o)
                                0x1c9 (size before relaxing)
 .debug_str     0x00000300        0x8 e:/imt_sdk_win_64/winavr/bin/../lib/gcc/avr/4.3.3/avr51\libgcc.a(_gt_sf.o)
                                0x196 (size before relaxing)
 .debug_str     0x00000308        0x8 e:/imt_sdk_win_64/winavr/bin/../lib/gcc/avr/4.3.3/avr51\libgcc.a(_ge_sf.o)
                                0x196 (size before relaxing)
 .debug_str     0x00000310        0x8 e:/imt_sdk_win_64/winavr/bin/../lib/gcc/avr/4.3.3/avr51\libgcc.a(_lt_sf.o)
                                0x196 (size before relaxing)
 .debug_str     0x00000318        0xa e:/imt_sdk_win_64/winavr/bin/../lib/gcc/avr/4.3.3/avr51\libgcc.a(_sf_to_si.o)
                                0x19f (size before relaxing)
 .debug_str     0x00000000      0x104 e:/imt_sdk_win_64/winavr/bin/../lib/gcc/avr/4.3.3/avr51\libgcc.a(_thenan_sf.o)
 .debug_str     0x00000000       0xf5 e:/imt_sdk_win_64/winavr/bin/../lib/gcc/avr/4.3.3/avr51\libgcc.a(_clz.o)
 .debug_str     0x00000322       0x16 e:/imt_sdk_win_64/winavr/bin/../lib/gcc/avr/4.3.3/avr51\libgcc.a(_pack_sf.o)
                                0x19e (size before relaxing)
 .debug_str     0x00000338        0xb e:/imt_sdk_win_64/winavr/bin/../lib/gcc/avr/4.3.3/avr51\libgcc.a(_unpack_sf.o)
                                0x180 (size before relaxing)
 .debug_str     0x00000343       0x10 e:/imt_sdk_win_64/winavr/bin/../lib/gcc/avr/4.3.3/avr51\libgcc.a(_fpcmp_parts_sf.o)
                                0x164 (size before relaxing)

.debug_loc      0x00000000     0x21b4
 *(.debug_loc)
 .debug_loc     0x00000000       0x34 e:/imt_sdk_win_64/winavr/bin/../lib/gcc/avr/4.3.3/avr51\libgcc.a(_fixunssfsi.o)
 .debug_loc     0x00000034      0xe74 e:/imt_sdk_win_64/winavr/bin/../lib/gcc/avr/4.3.3/avr51\libgcc.a(_udivdi3.o)
 .debug_loc     0x00000ea8      0xab2 e:/imt_sdk_win_64/winavr/bin/../lib/gcc/avr/4.3.3/avr51\libgcc.a(_umoddi3.o)
 .debug_loc     0x0000195a      0x32a e:/imt_sdk_win_64/winavr/bin/../lib/gcc/avr/4.3.3/avr51\libgcc.a(_addsub_sf.o)
 .debug_loc     0x00001c84      0x104 e:/imt_sdk_win_64/winavr/bin/../lib/gcc/avr/4.3.3/avr51\libgcc.a(_mul_sf.o)
 .debug_loc     0x00001d88       0xc0 e:/imt_sdk_win_64/winavr/bin/../lib/gcc/avr/4.3.3/avr51\libgcc.a(_div_sf.o)
 .debug_loc     0x00001e48       0x3c e:/imt_sdk_win_64/winavr/bin/../lib/gcc/avr/4.3.3/avr51\libgcc.a(_gt_sf.o)
 .debug_loc     0x00001e84       0x3c e:/imt_sdk_win_64/winavr/bin/../lib/gcc/avr/4.3.3/avr51\libgcc.a(_ge_sf.o)
 .debug_loc     0x00001ec0       0x3c e:/imt_sdk_win_64/winavr/bin/../lib/gcc/avr/4.3.3/avr51\libgcc.a(_lt_sf.o)
 .debug_loc     0x00001efc       0x7e e:/imt_sdk_win_64/winavr/bin/../lib/gcc/avr/4.3.3/avr51\libgcc.a(_sf_to_si.o)
 .debug_loc     0x00001f7a      0x13e e:/imt_sdk_win_64/winavr/bin/../lib/gcc/avr/4.3.3/avr51\libgcc.a(_pack_sf.o)
 .debug_loc     0x000020b8       0xac e:/imt_sdk_win_64/winavr/bin/../lib/gcc/avr/4.3.3/avr51\libgcc.a(_unpack_sf.o)
 .debug_loc     0x00002164       0x50 e:/imt_sdk_win_64/winavr/bin/../lib/gcc/avr/4.3.3/avr51\libgcc.a(_fpcmp_parts_sf.o)

.debug_macinfo
 *(.debug_macinfo)
OUTPUT(CHALLENGE_1.elf elf32-avr)
LOAD linker stubs

.debug_ranges   0x00000000       0x80
 .debug_ranges  0x00000000       0x18 e:/imt_sdk_win_64/winavr/bin/../lib/gcc/avr/4.3.3/avr51\libgcc.a(_udivdi3.o)
 .debug_ranges  0x00000018       0x18 e:/imt_sdk_win_64/winavr/bin/../lib/gcc/avr/4.3.3/avr51\libgcc.a(_umoddi3.o)
 .debug_ranges  0x00000030       0x50 e:/imt_sdk_win_64/winavr/bin/../lib/gcc/avr/4.3.3/avr51\libgcc.a(_mul_sf.o)
