Archive member included because of file (symbol)

e:/imt_sdk_win_64/winavr/bin/../lib/gcc/avr/4.3.3/avr51\libgcc.a(_udivmodsi4.o)
                              ./HAL/ULTRASONIC/ULTRASONIC.o (__udivmodsi4)
e:/imt_sdk_win_64/winavr/bin/../lib/gcc/avr/4.3.3/avr51\libgcc.a(_exit.o)
                              e:/imt_sdk_win_64/winavr/bin/../lib/gcc/avr/4.3.3/../../../../avr/lib/avr51/crtm128.o (exit)
e:/imt_sdk_win_64/winavr/bin/../lib/gcc/avr/4.3.3/avr51\libgcc.a(_clear_bss.o)
                              ./HAL/ULTRASONIC/ULTRASONIC.o (__do_clear_bss)
e:/imt_sdk_win_64/winavr/bin/../lib/gcc/avr/4.3.3/avr51\libgcc.a(_ashldi3.o)
                              ./HAL/APP_SERV/APP_SERV.o (__ashldi3)
e:/imt_sdk_win_64/winavr/bin/../lib/gcc/avr/4.3.3/avr51\libgcc.a(_fixunssfsi.o)
                              ./HAL/ULTRASONIC/ULTRASONIC.o (__fixunssfsi)
e:/imt_sdk_win_64/winavr/bin/../lib/gcc/avr/4.3.3/avr51\libgcc.a(_udivdi3.o)
                              ./HAL/LCD_V2/LCD_V2.o (__udivdi3)
e:/imt_sdk_win_64/winavr/bin/../lib/gcc/avr/4.3.3/avr51\libgcc.a(_umoddi3.o)
                              ./HAL/LCD_V2/LCD_V2.o (__umoddi3)
e:/imt_sdk_win_64/winavr/bin/../lib/gcc/avr/4.3.3/avr51\libgcc.a(_addsub_sf.o)
                              e:/imt_sdk_win_64/winavr/bin/../lib/gcc/avr/4.3.3/avr51\libgcc.a(_fixunssfsi.o) (__subsf3)
e:/imt_sdk_win_64/winavr/bin/../lib/gcc/avr/4.3.3/avr51\libgcc.a(_mul_sf.o)
                              ./HAL/ULTRASONIC/ULTRASONIC.o (__mulsf3)
e:/imt_sdk_win_64/winavr/bin/../lib/gcc/avr/4.3.3/avr51\libgcc.a(_div_sf.o)
                              ./HAL/ULTRASONIC/ULTRASONIC.o (__divsf3)
e:/imt_sdk_win_64/winavr/bin/../lib/gcc/avr/4.3.3/avr51\libgcc.a(_gt_sf.o)
                              ./HAL/ULTRASONIC/ULTRASONIC.o (__gtsf2)
e:/imt_sdk_win_64/winavr/bin/../lib/gcc/avr/4.3.3/avr51\libgcc.a(_ge_sf.o)
                              e:/imt_sdk_win_64/winavr/bin/../lib/gcc/avr/4.3.3/avr51\libgcc.a(_fixunssfsi.o) (__gesf2)
e:/imt_sdk_win_64/winavr/bin/../lib/gcc/avr/4.3.3/avr51\libgcc.a(_lt_sf.o)
                              ./HAL/ULTRASONIC/ULTRASONIC.o (__ltsf2)
e:/imt_sdk_win_64/winavr/bin/../lib/gcc/avr/4.3.3/avr51\libgcc.a(_sf_to_si.o)
                              e:/imt_sdk_win_64/winavr/bin/../lib/gcc/avr/4.3.3/avr51\libgcc.a(_fixunssfsi.o) (__fixsfsi)
e:/imt_sdk_win_64/winavr/bin/../lib/gcc/avr/4.3.3/avr51\libgcc.a(_thenan_sf.o)
                              e:/imt_sdk_win_64/winavr/bin/../lib/gcc/avr/4.3.3/avr51\libgcc.a(_addsub_sf.o) (__thenan_sf)
e:/imt_sdk_win_64/winavr/bin/../lib/gcc/avr/4.3.3/avr51\libgcc.a(_mulsi3.o)
                              e:/imt_sdk_win_64/winavr/bin/../lib/gcc/avr/4.3.3/avr51\libgcc.a(_udivdi3.o) (__mulsi3)
e:/imt_sdk_win_64/winavr/bin/../lib/gcc/avr/4.3.3/avr51\libgcc.a(_prologue.o)
                              e:/imt_sdk_win_64/winavr/bin/../lib/gcc/avr/4.3.3/avr51\libgcc.a(_udivdi3.o) (__prologue_saves__)
e:/imt_sdk_win_64/winavr/bin/../lib/gcc/avr/4.3.3/avr51\libgcc.a(_epilogue.o)
                              e:/imt_sdk_win_64/winavr/bin/../lib/gcc/avr/4.3.3/avr51\libgcc.a(_udivdi3.o) (__epilogue_restores__)
e:/imt_sdk_win_64/winavr/bin/../lib/gcc/avr/4.3.3/avr51\libgcc.a(_clz.o)
                              e:/imt_sdk_win_64/winavr/bin/../lib/gcc/avr/4.3.3/avr51\libgcc.a(_udivdi3.o) (__clz_tab)
e:/imt_sdk_win_64/winavr/bin/../lib/gcc/avr/4.3.3/avr51\libgcc.a(_pack_sf.o)
                              e:/imt_sdk_win_64/winavr/bin/../lib/gcc/avr/4.3.3/avr51\libgcc.a(_addsub_sf.o) (__pack_f)
e:/imt_sdk_win_64/winavr/bin/../lib/gcc/avr/4.3.3/avr51\libgcc.a(_unpack_sf.o)
                              e:/imt_sdk_win_64/winavr/bin/../lib/gcc/avr/4.3.3/avr51\libgcc.a(_addsub_sf.o) (__unpack_f)
e:/imt_sdk_win_64/winavr/bin/../lib/gcc/avr/4.3.3/avr51\libgcc.a(_fpcmp_parts_sf.o)
                              e:/imt_sdk_win_64/winavr/bin/../lib/gcc/avr/4.3.3/avr51\libgcc.a(_gt_sf.o) (__fpcmp_parts_f)

Allocating common symbols
Common symbol       size              file

c_rb                0x8               ./HAL/APP_SERV/APP_SERV.o
time_rb             0x8               ./HAL/APP_SERV/APP_SERV.o
t_rf                0x8               ./HAL/APP_SERV/APP_SERV.o
c_rf                0x8               ./HAL/APP_SERV/APP_SERV.o
time_rf             0x8               ./HAL/APP_SERV/APP_SERV.o
length_rb           0x8               ./HAL/APP_SERV/APP_SERV.o
length_rf           0x8               ./HAL/APP_SERV/APP_SERV.o
t_rb                0x8               ./HAL/APP_SERV/APP_SERV.o

Memory Configuration

Name             Origin             Length             Attributes
text             0x00000000         0x00020000         xr
data             0x00800060         0x0000ffa0         rw !x
eeprom           0x00810000         0x00010000         rw !x
fuse             0x00820000         0x00000400         rw !x
lock             0x00830000         0x00000400         rw !x
signature        0x00840000         0x00000400         rw !x
*default*        0x00000000         0xffffffff

Linker script and memory map

Address of section .data set to 0x800100
LOAD e:/imt_sdk_win_64/winavr/bin/../lib/gcc/avr/4.3.3/../../../../avr/lib/avr51/crtm128.o
LOAD ./MCAL/UARTT/Uartc.o
LOAD ./MCAL/TIMER/TIMER_3/Timer3.o
LOAD ./MCAL/TIMER/TIMER_1/Timer1.o
LOAD ./MCAL/TIMER/TIMER_0/Timer0.o
LOAD ./MCAL/DIO/DIO.o
LOAD ./HAL/ULTRASONIC/ULTRASONIC.o
LOAD ./HAL/MAGNET_DOOR/MAGNET_DOOR.o
LOAD ./HAL/LCD_V2/LCD_V2.o
LOAD ./HAL/BUZZER/BUZZER.o
LOAD ./HAL/APP_SERV/APP_SERV.o
LOAD ./APP/main.o
LOAD e:/imt_sdk_win_64/winavr/bin/../lib/gcc/avr/4.3.3/avr51\libgcc.a
LOAD e:/imt_sdk_win_64/winavr/bin/../lib/gcc/avr/4.3.3/../../../../avr/lib/avr51\libc.a
LOAD e:/imt_sdk_win_64/winavr/bin/../lib/gcc/avr/4.3.3/avr51\libgcc.a

.hash
 *(.hash)

.dynsym
 *(.dynsym)

.dynstr
 *(.dynstr)

.gnu.version
 *(.gnu.version)

.gnu.version_d
 *(.gnu.version_d)

.gnu.version_r
 *(.gnu.version_r)

.rel.init
 *(.rel.init)

.rela.init
 *(.rela.init)

.rel.text
 *(.rel.text)
 *(.rel.text.*)
 *(.rel.gnu.linkonce.t*)

.rela.text
 *(.rela.text)
 *(.rela.text.*)
 *(.rela.gnu.linkonce.t*)

.rel.fini
 *(.rel.fini)

.rela.fini
 *(.rela.fini)

.rel.rodata
 *(.rel.rodata)
 *(.rel.rodata.*)
 *(.rel.gnu.linkonce.r*)

.rela.rodata
 *(.rela.rodata)
 *(.rela.rodata.*)
 *(.rela.gnu.linkonce.r*)

.rel.data
 *(.rel.data)
 *(.rel.data.*)
 *(.rel.gnu.linkonce.d*)

.rela.data
 *(.rela.data)
 *(.rela.data.*)
 *(.rela.gnu.linkonce.d*)

.rel.ctors
 *(.rel.ctors)

.rela.ctors
 *(.rela.ctors)

.rel.dtors
 *(.rel.dtors)

.rela.dtors
 *(.rela.dtors)

.rel.got
 *(.rel.got)

.rela.got
 *(.rela.got)

.rel.bss
 *(.rel.bss)

.rela.bss
 *(.rela.bss)

.rel.plt
 *(.rel.plt)

.rela.plt
 *(.rela.plt)

.text           0x00000000     0xc520
 *(.vectors)
 .vectors       0x00000000       0x8c e:/imt_sdk_win_64/winavr/bin/../lib/gcc/avr/4.3.3/../../../../avr/lib/avr51/crtm128.o
                0x00000000                __vectors
                0x00000000                __vector_default
 *(.vectors)
 *(.progmem.gcc*)
 *(.progmem*)
                0x0000008c                . = ALIGN (0x2)
                0x0000008c                __trampolines_start = .
 *(.trampolines)
 .trampolines   0x0000008c        0x0 linker stubs
 *(.trampolines*)
                0x0000008c                __trampolines_end = .
 *(.jumptables)
 *(.jumptables*)
 *(.lowtext)
 *(.lowtext*)
                0x0000008c                __ctors_start = .
 *(.ctors)
                0x0000008c                __ctors_end = .
                0x0000008c                __dtors_start = .
 *(.dtors)
                0x0000008c                __dtors_end = .
 SORT(*)(.ctors)
 SORT(*)(.dtors)
 *(.init0)
 .init0         0x0000008c        0x0 e:/imt_sdk_win_64/winavr/bin/../lib/gcc/avr/4.3.3/../../../../avr/lib/avr51/crtm128.o
                0x0000008c                __init
 *(.init0)
 *(.init1)
 *(.init1)
 *(.init2)
 .init2         0x0000008c        0xc e:/imt_sdk_win_64/winavr/bin/../lib/gcc/avr/4.3.3/../../../../avr/lib/avr51/crtm128.o
 *(.init2)
 *(.init3)
 *(.init3)
 *(.init4)
 .init4         0x00000098       0x1a e:/imt_sdk_win_64/winavr/bin/../lib/gcc/avr/4.3.3/../../../../avr/lib/avr51/crtm128.o
                0x00000098                __do_copy_data
 .init4         0x000000b2       0x10 e:/imt_sdk_win_64/winavr/bin/../lib/gcc/avr/4.3.3/avr51\libgcc.a(_clear_bss.o)
                0x000000b2                __do_clear_bss
 *(.init4)
 *(.init5)
 *(.init5)
 *(.init6)
 *(.init6)
 *(.init7)
 *(.init7)
 *(.init8)
 *(.init8)
 *(.init9)
 .init9         0x000000c2        0x8 e:/imt_sdk_win_64/winavr/bin/../lib/gcc/avr/4.3.3/../../../../avr/lib/avr51/crtm128.o
 *(.init9)
 *(.text)
 .text          0x000000ca        0x4 e:/imt_sdk_win_64/winavr/bin/../lib/gcc/avr/4.3.3/../../../../avr/lib/avr51/crtm128.o
                0x000000ca                __vector_22
                0x000000ca                __vector_28
                0x000000ca                __vector_1
                0x000000ca                __vector_32
                0x000000ca                __vector_34
                0x000000ca                __vector_24
                0x000000ca                __vector_12
                0x000000ca                __bad_interrupt
                0x000000ca                __vector_6
                0x000000ca                __vector_31
                0x000000ca                __vector_3
                0x000000ca                __vector_23
                0x000000ca                __vector_30
                0x000000ca                __vector_25
                0x000000ca                __vector_13
                0x000000ca                __vector_17
                0x000000ca                __vector_19
                0x000000ca                __vector_7
                0x000000ca                __vector_27
                0x000000ca                __vector_5
                0x000000ca                __vector_33
                0x000000ca                __vector_4
                0x000000ca                __vector_9
                0x000000ca                __vector_2
                0x000000ca                __vector_21
                0x000000ca                __vector_15
                0x000000ca                __vector_29
                0x000000ca                __vector_8
                0x000000ca                __vector_26
                0x000000ca                __vector_10
                0x000000ca                __vector_18
                0x000000ca                __vector_20
 .text          0x000000ce        0x0 ./MCAL/UARTT/Uartc.o
 .text          0x000000ce        0x0 ./MCAL/TIMER/TIMER_3/Timer3.o
 .text          0x000000ce        0x0 ./MCAL/TIMER/TIMER_1/Timer1.o
 .text          0x000000ce        0x0 ./MCAL/TIMER/TIMER_0/Timer0.o
 .text          0x000000ce        0x0 ./MCAL/DIO/DIO.o
 .text          0x000000ce        0x0 ./HAL/ULTRASONIC/ULTRASONIC.o
 .text          0x000000ce        0x0 ./HAL/MAGNET_DOOR/MAGNET_DOOR.o
 .text          0x000000ce        0x0 ./HAL/LCD_V2/LCD_V2.o
 .text          0x000000ce        0x0 ./HAL/BUZZER/BUZZER.o
 .text          0x000000ce        0x0 ./HAL/APP_SERV/APP_SERV.o
 .text          0x000000ce        0x0 ./APP/main.o
 .text          0x000000ce        0x0 e:/imt_sdk_win_64/winavr/bin/../lib/gcc/avr/4.3.3/avr51\libgcc.a(_udivmodsi4.o)
 .text          0x000000ce        0x0 e:/imt_sdk_win_64/winavr/bin/../lib/gcc/avr/4.3.3/avr51\libgcc.a(_exit.o)
 .text          0x000000ce        0x0 e:/imt_sdk_win_64/winavr/bin/../lib/gcc/avr/4.3.3/avr51\libgcc.a(_clear_bss.o)
 .text          0x000000ce       0xfe e:/imt_sdk_win_64/winavr/bin/../lib/gcc/avr/4.3.3/avr51\libgcc.a(_ashldi3.o)
                0x000000ce                __ashldi3
 .text          0x000001cc       0x58 e:/imt_sdk_win_64/winavr/bin/../lib/gcc/avr/4.3.3/avr51\libgcc.a(_fixunssfsi.o)
                0x000001cc                __fixunssfsi
 .text          0x00000224      0xcea e:/imt_sdk_win_64/winavr/bin/../lib/gcc/avr/4.3.3/avr51\libgcc.a(_udivdi3.o)
                0x00000224                __udivdi3
 .text          0x00000f0e      0xce0 e:/imt_sdk_win_64/winavr/bin/../lib/gcc/avr/4.3.3/avr51\libgcc.a(_umoddi3.o)
                0x00000f0e                __umoddi3
 .text          0x00001bee      0x354 e:/imt_sdk_win_64/winavr/bin/../lib/gcc/avr/4.3.3/avr51\libgcc.a(_addsub_sf.o)
                0x00001e86                __subsf3
                0x00001ee8                __addsf3
 .text          0x00001f42      0x1f4 e:/imt_sdk_win_64/winavr/bin/../lib/gcc/avr/4.3.3/avr51\libgcc.a(_mul_sf.o)
                0x00001f42                __mulsf3
 .text          0x00002136      0x158 e:/imt_sdk_win_64/winavr/bin/../lib/gcc/avr/4.3.3/avr51\libgcc.a(_div_sf.o)
                0x00002136                __divsf3
 .text          0x0000228e       0x60 e:/imt_sdk_win_64/winavr/bin/../lib/gcc/avr/4.3.3/avr51\libgcc.a(_gt_sf.o)
                0x0000228e                __gtsf2
 .text          0x000022ee       0x60 e:/imt_sdk_win_64/winavr/bin/../lib/gcc/avr/4.3.3/avr51\libgcc.a(_ge_sf.o)
                0x000022ee                __gesf2
 .text          0x0000234e       0x60 e:/imt_sdk_win_64/winavr/bin/../lib/gcc/avr/4.3.3/avr51\libgcc.a(_lt_sf.o)
                0x0000234e                __ltsf2
 .text          0x000023ae       0xa8 e:/imt_sdk_win_64/winavr/bin/../lib/gcc/avr/4.3.3/avr51\libgcc.a(_sf_to_si.o)
                0x000023ae                __fixsfsi
 .text          0x00002456        0x0 e:/imt_sdk_win_64/winavr/bin/../lib/gcc/avr/4.3.3/avr51\libgcc.a(_thenan_sf.o)
 .text          0x00002456        0x0 e:/imt_sdk_win_64/winavr/bin/../lib/gcc/avr/4.3.3/avr51\libgcc.a(_mulsi3.o)
 .text          0x00002456        0x0 e:/imt_sdk_win_64/winavr/bin/../lib/gcc/avr/4.3.3/avr51\libgcc.a(_prologue.o)
 .text          0x00002456        0x0 e:/imt_sdk_win_64/winavr/bin/../lib/gcc/avr/4.3.3/avr51\libgcc.a(_epilogue.o)
 .text          0x00002456        0x0 e:/imt_sdk_win_64/winavr/bin/../lib/gcc/avr/4.3.3/avr51\libgcc.a(_clz.o)
 .text          0x00002456      0x1aa e:/imt_sdk_win_64/winavr/bin/../lib/gcc/avr/4.3.3/avr51\libgcc.a(_pack_sf.o)
                0x00002456                __pack_f
 .text          0x00002600       0xf0 e:/imt_sdk_win_64/winavr/bin/../lib/gcc/avr/4.3.3/avr51\libgcc.a(_unpack_sf.o)
                0x00002600                __unpack_f
 .text          0x000026f0       0xb2 e:/imt_sdk_win_64/winavr/bin/../lib/gcc/avr/4.3.3/avr51\libgcc.a(_fpcmp_parts_sf.o)
                0x000026f0                __fpcmp_parts_f
                0x000027a2                . = ALIGN (0x2)
 *(.text.*)
 .text.USART_Receive
                0x000027a2       0x34 ./MCAL/UARTT/Uartc.o
                0x000027a2                USART_Receive
 .text.USART_Transmit
                0x000027d6       0x2e ./MCAL/UARTT/Uartc.o
                0x000027d6                USART_Transmit
 .text.USART_Init
                0x00002804       0x9a ./MCAL/UARTT/Uartc.o
                0x00002804                USART_Init
 .text.USART_SendString
                0x0000289e       0x52 ./MCAL/UARTT/Uartc.o
                0x0000289e                USART_SendString
 .text.Timer3_Init
                0x000028f0      0x62c ./MCAL/TIMER/TIMER_3/Timer3.o
                0x000028f0                Timer3_Init
 .text.Timer3_InputCaptureEdge
                0x00002f1c       0x3e ./MCAL/TIMER/TIMER_3/Timer3.o
                0x00002f1c                Timer3_InputCaptureEdge
 .text.Timer3_ICU_InterruptEnable
                0x00002f5a       0x1c ./MCAL/TIMER/TIMER_3/Timer3.o
                0x00002f5a                Timer3_ICU_InterruptEnable
 .text.Timer3_ICU_InterruptDisable
                0x00002f76       0x1c ./MCAL/TIMER/TIMER_3/Timer3.o
                0x00002f76                Timer3_ICU_InterruptDisable
 .text.Timer3_OV_InterruptEnable
                0x00002f92       0x1c ./MCAL/TIMER/TIMER_3/Timer3.o
                0x00002f92                Timer3_OV_InterruptEnable
 .text.Timer3_OV_InterruptDisable
                0x00002fae       0x1c ./MCAL/TIMER/TIMER_3/Timer3.o
                0x00002fae                Timer3_OV_InterruptDisable
 .text.Timer3_OCA_InterruptEnable
                0x00002fca       0x1c ./MCAL/TIMER/TIMER_3/Timer3.o
                0x00002fca                Timer3_OCA_InterruptEnable
 .text.Timer3_OCA_InterruptDisable
                0x00002fe6       0x1c ./MCAL/TIMER/TIMER_3/Timer3.o
                0x00002fe6                Timer3_OCA_InterruptDisable
 .text.Timer3_OCB_InterruptEnable
                0x00003002       0x1c ./MCAL/TIMER/TIMER_3/Timer3.o
                0x00003002                Timer3_OCB_InterruptEnable
 .text.Timer3_OCB_InterruptDisable
                0x0000301e       0x1c ./MCAL/TIMER/TIMER_3/Timer3.o
                0x0000301e                Timer3_OCB_InterruptDisable
 .text.Timer3_OCC_InterruptEnable
                0x0000303a       0x1c ./MCAL/TIMER/TIMER_3/Timer3.o
                0x0000303a                Timer3_OCC_InterruptEnable
 .text.Timer3_OCC_InterruptDisable
                0x00003056       0x1c ./MCAL/TIMER/TIMER_3/Timer3.o
                0x00003056                Timer3_OCC_InterruptDisable
 .text.TMR3_uint16_GetICUValue
                0x00003072       0x38 ./MCAL/TIMER/TIMER_3/Timer3.o
                0x00003072                TMR3_uint16_GetICUValue
 .text.TMR3_uint16_GetTimerValue
                0x000030aa       0x38 ./MCAL/TIMER/TIMER_3/Timer3.o
                0x000030aa                TMR3_uint16_GetTimerValue
 .text.TMR3_void_SetTimerValue
                0x000030e2       0x2e ./MCAL/TIMER/TIMER_3/Timer3.o
                0x000030e2                TMR3_void_SetTimerValue
 .text.TMR3_void_Set_OCR_TimerValue
                0x00003110       0x9e ./MCAL/TIMER/TIMER_3/Timer3.o
                0x00003110                TMR3_void_Set_OCR_TimerValue
 .text.Timer1_Init
                0x000031ae      0x6be ./MCAL/TIMER/TIMER_1/Timer1.o
                0x000031ae                Timer1_Init
 .text.Timer1_InputCaptureEdge
                0x0000386c       0x3e ./MCAL/TIMER/TIMER_1/Timer1.o
                0x0000386c                Timer1_InputCaptureEdge
 .text.Timer1_ICU_InterruptEnable
                0x000038aa       0x1c ./MCAL/TIMER/TIMER_1/Timer1.o
                0x000038aa                Timer1_ICU_InterruptEnable
 .text.Timer1_ICU_InterruptDisable
                0x000038c6       0x1c ./MCAL/TIMER/TIMER_1/Timer1.o
                0x000038c6                Timer1_ICU_InterruptDisable
 .text.Timer1_OV_InterruptEnable
                0x000038e2       0x1c ./MCAL/TIMER/TIMER_1/Timer1.o
                0x000038e2                Timer1_OV_InterruptEnable
 .text.Timer1_OV_InterruptDisable
                0x000038fe       0x1c ./MCAL/TIMER/TIMER_1/Timer1.o
                0x000038fe                Timer1_OV_InterruptDisable
 .text.Timer1_OCA_InterruptEnable
                0x0000391a       0x1c ./MCAL/TIMER/TIMER_1/Timer1.o
                0x0000391a                Timer1_OCA_InterruptEnable
 .text.Timer1_OCA_InterruptDisable
                0x00003936       0x1c ./MCAL/TIMER/TIMER_1/Timer1.o
                0x00003936                Timer1_OCA_InterruptDisable
 .text.Timer1_OCB_InterruptEnable
                0x00003952       0x1c ./MCAL/TIMER/TIMER_1/Timer1.o
                0x00003952                Timer1_OCB_InterruptEnable
 .text.Timer1_OCB_InterruptDisable
                0x0000396e       0x1c ./MCAL/TIMER/TIMER_1/Timer1.o
                0x0000396e                Timer1_OCB_InterruptDisable
 .text.Timer1_OCC_InterruptEnable
                0x0000398a       0x1c ./MCAL/TIMER/TIMER_1/Timer1.o
                0x0000398a                Timer1_OCC_InterruptEnable
 .text.Timer1_OCC_InterruptDisable
                0x000039a6       0x1c ./MCAL/TIMER/TIMER_1/Timer1.o
                0x000039a6                Timer1_OCC_InterruptDisable
 .text.TMR1_uint16_GetICUValue
                0x000039c2       0x38 ./MCAL/TIMER/TIMER_1/Timer1.o
                0x000039c2                TMR1_uint16_GetICUValue
 .text.TMR1_uint16_GetTimerValue
                0x000039fa       0x38 ./MCAL/TIMER/TIMER_1/Timer1.o
                0x000039fa                TMR1_uint16_GetTimerValue
 .text.TMR1_void_SetTimerValue
                0x00003a32       0x2e ./MCAL/TIMER/TIMER_1/Timer1.o
                0x00003a32                TMR1_void_SetTimerValue
 .text.TMR1_void_Set_OCR_TimerValue
                0x00003a60       0x9e ./MCAL/TIMER/TIMER_1/Timer1.o
                0x00003a60                TMR1_void_Set_OCR_TimerValue
 .text.Timer0_Init
                0x00003afe      0x1b2 ./MCAL/TIMER/TIMER_0/Timer0.o
                0x00003afe                Timer0_Init
 .text.Timer0_OVInterrupt_Enable
                0x00003cb0       0x1c ./MCAL/TIMER/TIMER_0/Timer0.o
                0x00003cb0                Timer0_OVInterrupt_Enable
 .text.Timer0_OVInterrupt_Disable
                0x00003ccc       0x1c ./MCAL/TIMER/TIMER_0/Timer0.o
                0x00003ccc                Timer0_OVInterrupt_Disable
 .text.Timer0_OCInterrupt_Enable
                0x00003ce8       0x1c ./MCAL/TIMER/TIMER_0/Timer0.o
                0x00003ce8                Timer0_OCInterrupt_Enable
 .text.Timer0_OCInterrupt_Disable
                0x00003d04       0x1c ./MCAL/TIMER/TIMER_0/Timer0.o
                0x00003d04                Timer0_OCInterrupt_Disable
 .text.Timer0_OCI_Set_Value
                0x00003d20       0x1c ./MCAL/TIMER/TIMER_0/Timer0.o
                0x00003d20                Timer0_OCI_Set_Value
 .text.Timer0_TCNT_Set_Value
                0x00003d3c       0x1c ./MCAL/TIMER/TIMER_0/Timer0.o
                0x00003d3c                Timer0_TCNT_Set_Value
 .text.Timer0_Get_Value
                0x00003d58       0x14 ./MCAL/TIMER/TIMER_0/Timer0.o
                0x00003d58                Timer0_Get_Value
 .text.DIO_void_Set_Pin_Dirction
                0x00003d6c      0x344 ./MCAL/DIO/DIO.o
                0x00003d6c                DIO_void_Set_Pin_Dirction
 .text.DIO_void_Set_Pin_Value
                0x000040b0      0x344 ./MCAL/DIO/DIO.o
                0x000040b0                DIO_void_Set_Pin_Value
 .text.DIO_value_type_Get_Pin_Value
                0x000043f4      0x184 ./MCAL/DIO/DIO.o
                0x000043f4                DIO_value_type_Get_Pin_Value
 .text.DIO_void_Set_Port_Dirction
                0x00004578       0xbe ./MCAL/DIO/DIO.o
                0x00004578                DIO_void_Set_Port_Dirction
 .text.DIO_void_Set_Port_Value
                0x00004636       0xbe ./MCAL/DIO/DIO.o
                0x00004636                DIO_void_Set_Port_Value
 .text.DIO_void_Set_Port_ValueNIPPLE_H_OR_L
                0x000046f4      0x226 ./MCAL/DIO/DIO.o
                0x000046f4                DIO_void_Set_Port_ValueNIPPLE_H_OR_L
 .text.DIO_uint8_Get_Port_Value
                0x0000491a       0xc0 ./MCAL/DIO/DIO.o
                0x0000491a                DIO_uint8_Get_Port_Value
 .text.Ultrasonic_init
                0x000049da       0x50 ./HAL/ULTRASONIC/ULTRASONIC.o
                0x000049da                Ultrasonic_init
 .text.Ultrasonic_front_Get_Distance
                0x00004a2a      0x242 ./HAL/ULTRASONIC/ULTRASONIC.o
                0x00004a2a                Ultrasonic_front_Get_Distance
 .text.Ultrasonic_right_front_Get_Distance
                0x00004c6c      0x242 ./HAL/ULTRASONIC/ULTRASONIC.o
                0x00004c6c                Ultrasonic_right_front_Get_Distance
 .text.Ultrasonic_right_back_Get_Distance
                0x00004eae      0x242 ./HAL/ULTRASONIC/ULTRASONIC.o
                0x00004eae                Ultrasonic_right_back_Get_Distance
 .text.Ultrasonic_back_Get_Distance
                0x000050f0      0x242 ./HAL/ULTRASONIC/ULTRASONIC.o
                0x000050f0                Ultrasonic_back_Get_Distance
 .text.Ultrasonic_back2_Get_Distance
                0x00005332      0x242 ./HAL/ULTRASONIC/ULTRASONIC.o
                0x00005332                Ultrasonic_back2_Get_Distance
 .text.__vector_11
                0x00005574       0xa0 ./HAL/ULTRASONIC/ULTRASONIC.o
                0x00005574                __vector_11
 .text.__vector_14
                0x00005614       0x2e ./HAL/ULTRASONIC/ULTRASONIC.o
                0x00005614                __vector_14
 .text.Mag_Door_Init
                0x00005642       0x22 ./HAL/MAGNET_DOOR/MAGNET_DOOR.o
                0x00005642                Mag_Door_Init
 .text.Check_Door_Is_Closed
                0x00005664       0x20 ./HAL/MAGNET_DOOR/MAGNET_DOOR.o
                0x00005664                Check_Door_Is_Closed
 .text.LCD_vidDirections
                0x00005684       0x34 ./HAL/LCD_V2/LCD_V2.o
                0x00005684                LCD_vidDirections
 .text.LCD_vidDirections4
                0x000056b8       0x54 ./HAL/LCD_V2/LCD_V2.o
                0x000056b8                LCD_vidDirections4
 .text.LCD_vidInit
                0x0000570c      0x4e4 ./HAL/LCD_V2/LCD_V2.o
                0x0000570c                LCD_vidInit
 .text.LCD_vidSendCommand
                0x00005bf0      0x22a ./HAL/LCD_V2/LCD_V2.o
                0x00005bf0                LCD_vidSendCommand
 .text.LCD_vidWriteCharacter
                0x00005e1a      0x22a ./HAL/LCD_V2/LCD_V2.o
                0x00005e1a                LCD_vidWriteCharacter
 .text.LCD_vidSendCommand4
                0x00006044       0x32 ./HAL/LCD_V2/LCD_V2.o
                0x00006044                LCD_vidSendCommand4
 .text.LCD_vidInit4
                0x00006076      0x502 ./HAL/LCD_V2/LCD_V2.o
                0x00006076                LCD_vidInit4
 .text.LCD_vidWriteCharacter4
                0x00006578       0x32 ./HAL/LCD_V2/LCD_V2.o
                0x00006578                LCD_vidWriteCharacter4
 .text.LCD_vidWriteString
                0x000065aa      0x146 ./HAL/LCD_V2/LCD_V2.o
                0x000065aa                LCD_vidWriteString
 .text.LCD_vidWriteString4
                0x000066f0      0x146 ./HAL/LCD_V2/LCD_V2.o
                0x000066f0                LCD_vidWriteString4
 .text.LCD_vidWriteUnSignedInteger
                0x00006836      0x1ba ./HAL/LCD_V2/LCD_V2.o
                0x00006836                LCD_vidWriteUnSignedInteger
 .text.LCD_vidWriteUnSignedInteger4
                0x000069f0      0x1ba ./HAL/LCD_V2/LCD_V2.o
                0x000069f0                LCD_vidWriteUnSignedInteger4
 .text.LCD_vidWriteSignedInteger
                0x00006baa      0x2b2 ./HAL/LCD_V2/LCD_V2.o
                0x00006baa                LCD_vidWriteSignedInteger
 .text.LCD_vidWriteSignedInteger4
                0x00006e5c      0x2b2 ./HAL/LCD_V2/LCD_V2.o
                0x00006e5c                LCD_vidWriteSignedInteger4
 .text.LCD_vidGotoxy
                0x0000710e       0x5a ./HAL/LCD_V2/LCD_V2.o
                0x0000710e                LCD_vidGotoxy
 .text.LCD_vidGotoxy4
                0x00007168       0x5a ./HAL/LCD_V2/LCD_V2.o
                0x00007168                LCD_vidGotoxy4
 .text.LCD_vidShiftDisplayCursor
                0x000071c2      0x180 ./HAL/LCD_V2/LCD_V2.o
                0x000071c2                LCD_vidShiftDisplayCursor
 .text.LCD_vidShiftDisplayCursor4
                0x00007342       0x98 ./HAL/LCD_V2/LCD_V2.o
                0x00007342                LCD_vidShiftDisplayCursor4
 .text.LCD_vidPrint
                0x000073da       0x54 ./HAL/LCD_V2/LCD_V2.o
                0x000073da                LCD_vidPrint
 .text.LCD_vidPrintInTwoLines
                0x0000742e       0xee ./HAL/LCD_V2/LCD_V2.o
                0x0000742e                LCD_vidPrintInTwoLines
 .text.LCD_vidPrint4
                0x0000751c       0x54 ./HAL/LCD_V2/LCD_V2.o
                0x0000751c                LCD_vidPrint4
 .text.LCD_vidPrintInTwoLines4
                0x00007570       0x8c ./HAL/LCD_V2/LCD_V2.o
                0x00007570                LCD_vidPrintInTwoLines4
 .text.Buzzer_Init
                0x000075fc       0x18 ./HAL/BUZZER/BUZZER.o
                0x000075fc                Buzzer_Init
 .text.Buzzer_On
                0x00007614       0x18 ./HAL/BUZZER/BUZZER.o
                0x00007614                Buzzer_On
 .text.Buzzer_Off
                0x0000762c       0x18 ./HAL/BUZZER/BUZZER.o
                0x0000762c                Buzzer_Off
 .text.project_init
                0x00007644       0xcc ./HAL/APP_SERV/APP_SERV.o
                0x00007644                project_init
 .text.CAR_Width_Check
                0x00007710       0xba ./HAL/APP_SERV/APP_SERV.o
                0x00007710                CAR_Width_Check
 .text.distance_rf
                0x000077ca      0xb16 ./HAL/APP_SERV/APP_SERV.o
                0x000077ca                distance_rf
 .text.distance_rb
                0x000082e0      0xb16 ./HAL/APP_SERV/APP_SERV.o
                0x000082e0                distance_rb
 .text.distance_rb2
                0x00008df6      0xb16 ./HAL/APP_SERV/APP_SERV.o
                0x00008df6                distance_rb2
 .text.CAR_Length_Check
                0x0000990c      0x404 ./HAL/APP_SERV/APP_SERV.o
                0x0000990c                CAR_Length_Check
 .text.CAR_Length_Check2
                0x00009d10       0xea ./HAL/APP_SERV/APP_SERV.o
                0x00009d10                CAR_Length_Check2
 .text.CAR_Length_Check3
                0x00009dfa      0x3aa ./HAL/APP_SERV/APP_SERV.o
                0x00009dfa                CAR_Length_Check3
 .text.CAR_Length_Check4
                0x0000a1a4      0x33a ./HAL/APP_SERV/APP_SERV.o
                0x0000a1a4                CAR_Length_Check4
 .text.forward_move
                0x0000a4de       0x60 ./HAL/APP_SERV/APP_SERV.o
                0x0000a4de                forward_move
 .text.backward_move
                0x0000a53e       0x60 ./HAL/APP_SERV/APP_SERV.o
                0x0000a53e                backward_move
 .text.right_move
                0x0000a59e      0x128 ./HAL/APP_SERV/APP_SERV.o
                0x0000a59e                right_move
 .text.right_half_move
                0x0000a6c6      0x128 ./HAL/APP_SERV/APP_SERV.o
                0x0000a6c6                right_half_move
 .text.right_QUARTER_move
                0x0000a7ee      0x128 ./HAL/APP_SERV/APP_SERV.o
                0x0000a7ee                right_QUARTER_move
 .text.left_move
                0x0000a916      0x128 ./HAL/APP_SERV/APP_SERV.o
                0x0000a916                left_move
 .text.left_half_move
                0x0000aa3e      0x128 ./HAL/APP_SERV/APP_SERV.o
                0x0000aa3e                left_half_move
 .text.left_QUARTER_move
                0x0000ab66      0x128 ./HAL/APP_SERV/APP_SERV.o
                0x0000ab66                left_QUARTER_move
 .text.start_parking
                0x0000ac8e      0x708 ./HAL/APP_SERV/APP_SERV.o
                0x0000ac8e                start_parking
 .text.unparking
                0x0000b396      0x54e ./HAL/APP_SERV/APP_SERV.o
                0x0000b396                unparking
 .text.__vector_16
                0x0000b8e4       0x76 ./HAL/APP_SERV/APP_SERV.o
                0x0000b8e4                __vector_16
 .text.LCD_LIGHT
                0x0000b95a       0x22 ./HAL/APP_SERV/APP_SERV.o
                0x0000b95a                LCD_LIGHT
 .text.main     0x0000b97c      0x97e ./APP/main.o
                0x0000b97c                main
 .text.func_blue
                0x0000c2fa      0x132 ./APP/main.o
                0x0000c2fa                func_blue
 .text.libgcc   0x0000c42c       0x44 e:/imt_sdk_win_64/winavr/bin/../lib/gcc/avr/4.3.3/avr51\libgcc.a(_udivmodsi4.o)
                0x0000c42c                __udivmodsi4
 .text.libgcc   0x0000c470        0x0 e:/imt_sdk_win_64/winavr/bin/../lib/gcc/avr/4.3.3/avr51\libgcc.a(_exit.o)
 .text.libgcc   0x0000c470        0x0 e:/imt_sdk_win_64/winavr/bin/../lib/gcc/avr/4.3.3/avr51\libgcc.a(_clear_bss.o)
 .text.libgcc   0x0000c470       0x3e e:/imt_sdk_win_64/winavr/bin/../lib/gcc/avr/4.3.3/avr51\libgcc.a(_mulsi3.o)
                0x0000c470                __mulsi3
 .text.libgcc   0x0000c4ae       0x38 e:/imt_sdk_win_64/winavr/bin/../lib/gcc/avr/4.3.3/avr51\libgcc.a(_prologue.o)
                0x0000c4ae                __prologue_saves__
 .text.libgcc   0x0000c4e6       0x36 e:/imt_sdk_win_64/winavr/bin/../lib/gcc/avr/4.3.3/avr51\libgcc.a(_epilogue.o)
                0x0000c4e6                __epilogue_restores__
                0x0000c51c                . = ALIGN (0x2)
 *(.fini9)
 .fini9         0x0000c51c        0x0 e:/imt_sdk_win_64/winavr/bin/../lib/gcc/avr/4.3.3/avr51\libgcc.a(_exit.o)
                0x0000c51c                exit
                0x0000c51c                _exit
 *(.fini9)
 *(.fini8)
 *(.fini8)
 *(.fini7)
 *(.fini7)
 *(.fini6)
 *(.fini6)
 *(.fini5)
 *(.fini5)
 *(.fini4)
 *(.fini4)
 *(.fini3)
 *(.fini3)
 *(.fini2)
 *(.fini2)
 *(.fini1)
 *(.fini1)
 *(.fini0)
 .fini0         0x0000c51c        0x4 e:/imt_sdk_win_64/winavr/bin/../lib/gcc/avr/4.3.3/avr51\libgcc.a(_exit.o)
 *(.fini0)
                0x0000c520                _etext = .

.data           0x00800100      0x27e load address 0x0000c520
                0x00800100                PROVIDE (__data_start, .)
 *(.data)
 .data          0x00800100        0x0 e:/imt_sdk_win_64/winavr/bin/../lib/gcc/avr/4.3.3/../../../../avr/lib/avr51/crtm128.o
 .data          0x00800100        0x0 ./MCAL/UARTT/Uartc.o
 .data          0x00800100        0x0 ./MCAL/TIMER/TIMER_3/Timer3.o
 .data          0x00800100        0x0 ./MCAL/TIMER/TIMER_1/Timer1.o
 .data          0x00800100        0x0 ./MCAL/TIMER/TIMER_0/Timer0.o
 .data          0x00800100        0x0 ./MCAL/DIO/DIO.o
 .data          0x00800100        0x0 ./HAL/ULTRASONIC/ULTRASONIC.o
 .data          0x00800100        0x0 ./HAL/MAGNET_DOOR/MAGNET_DOOR.o
 .data          0x00800100        0x0 ./HAL/LCD_V2/LCD_V2.o
 .data          0x00800100        0x0 ./HAL/BUZZER/BUZZER.o
 .data          0x00800100       0xc3 ./HAL/APP_SERV/APP_SERV.o
 .data          0x008001c3       0xaf ./APP/main.o
 .data          0x00800272        0x0 e:/imt_sdk_win_64/winavr/bin/../lib/gcc/avr/4.3.3/avr51\libgcc.a(_udivmodsi4.o)
 .data          0x00800272        0x0 e:/imt_sdk_win_64/winavr/bin/../lib/gcc/avr/4.3.3/avr51\libgcc.a(_exit.o)
 .data          0x00800272        0x0 e:/imt_sdk_win_64/winavr/bin/../lib/gcc/avr/4.3.3/avr51\libgcc.a(_clear_bss.o)
 .data          0x00800272        0x0 e:/imt_sdk_win_64/winavr/bin/../lib/gcc/avr/4.3.3/avr51\libgcc.a(_ashldi3.o)
 .data          0x00800272        0x0 e:/imt_sdk_win_64/winavr/bin/../lib/gcc/avr/4.3.3/avr51\libgcc.a(_fixunssfsi.o)
 .data          0x00800272        0x0 e:/imt_sdk_win_64/winavr/bin/../lib/gcc/avr/4.3.3/avr51\libgcc.a(_udivdi3.o)
 .data          0x00800272        0x0 e:/imt_sdk_win_64/winavr/bin/../lib/gcc/avr/4.3.3/avr51\libgcc.a(_umoddi3.o)
 .data          0x00800272        0x0 e:/imt_sdk_win_64/winavr/bin/../lib/gcc/avr/4.3.3/avr51\libgcc.a(_addsub_sf.o)
 .data          0x00800272        0x0 e:/imt_sdk_win_64/winavr/bin/../lib/gcc/avr/4.3.3/avr51\libgcc.a(_mul_sf.o)
 .data          0x00800272        0x0 e:/imt_sdk_win_64/winavr/bin/../lib/gcc/avr/4.3.3/avr51\libgcc.a(_div_sf.o)
 .data          0x00800272        0x0 e:/imt_sdk_win_64/winavr/bin/../lib/gcc/avr/4.3.3/avr51\libgcc.a(_gt_sf.o)
 .data          0x00800272        0x0 e:/imt_sdk_win_64/winavr/bin/../lib/gcc/avr/4.3.3/avr51\libgcc.a(_ge_sf.o)
 .data          0x00800272        0x0 e:/imt_sdk_win_64/winavr/bin/../lib/gcc/avr/4.3.3/avr51\libgcc.a(_lt_sf.o)
 .data          0x00800272        0x0 e:/imt_sdk_win_64/winavr/bin/../lib/gcc/avr/4.3.3/avr51\libgcc.a(_sf_to_si.o)
 .data          0x00800272        0x8 e:/imt_sdk_win_64/winavr/bin/../lib/gcc/avr/4.3.3/avr51\libgcc.a(_thenan_sf.o)
                0x00800272                __thenan_sf
 .data          0x0080027a        0x0 e:/imt_sdk_win_64/winavr/bin/../lib/gcc/avr/4.3.3/avr51\libgcc.a(_mulsi3.o)
 .data          0x0080027a        0x0 e:/imt_sdk_win_64/winavr/bin/../lib/gcc/avr/4.3.3/avr51\libgcc.a(_prologue.o)
 .data          0x0080027a        0x0 e:/imt_sdk_win_64/winavr/bin/../lib/gcc/avr/4.3.3/avr51\libgcc.a(_epilogue.o)
 .data          0x0080027a      0x100 e:/imt_sdk_win_64/winavr/bin/../lib/gcc/avr/4.3.3/avr51\libgcc.a(_clz.o)
                0x0080027a                __clz_tab
 .data          0x0080037a        0x0 e:/imt_sdk_win_64/winavr/bin/../lib/gcc/avr/4.3.3/avr51\libgcc.a(_pack_sf.o)
 .data          0x0080037a        0x0 e:/imt_sdk_win_64/winavr/bin/../lib/gcc/avr/4.3.3/avr51\libgcc.a(_unpack_sf.o)
 .data          0x0080037a        0x0 e:/imt_sdk_win_64/winavr/bin/../lib/gcc/avr/4.3.3/avr51\libgcc.a(_fpcmp_parts_sf.o)
 *(.data*)
 .data.un_park_flag
                0x0080037a        0x1 ./APP/main.o
                0x0080037a                un_park_flag
 .data.chec     0x0080037b        0x1 ./APP/main.o
                0x0080037b                chec
 .data.read_park_button
                0x0080037c        0x1 ./APP/main.o
                0x0080037c                read_park_button
 .data.read_un_park_button
                0x0080037d        0x1 ./APP/main.o
                0x0080037d                read_un_park_button
 *(.rodata)
 *(.rodata*)
 *(.gnu.linkonce.d*)
                0x0080037e                . = ALIGN (0x2)
                0x0080037e                _edata = .
                0x0080037e                PROVIDE (__data_end, .)

.bss            0x0080037e       0x67
                0x0080037e                PROVIDE (__bss_start, .)
 *(.bss)
 .bss           0x0080037e        0x0 e:/imt_sdk_win_64/winavr/bin/../lib/gcc/avr/4.3.3/../../../../avr/lib/avr51/crtm128.o
 .bss           0x0080037e        0x0 ./MCAL/UARTT/Uartc.o
 .bss           0x0080037e        0x0 ./MCAL/TIMER/TIMER_3/Timer3.o
 .bss           0x0080037e        0x0 ./MCAL/TIMER/TIMER_1/Timer1.o
 .bss           0x0080037e        0x0 ./MCAL/TIMER/TIMER_0/Timer0.o
 .bss           0x0080037e        0x0 ./MCAL/DIO/DIO.o
 .bss           0x0080037e        0x0 ./HAL/ULTRASONIC/ULTRASONIC.o
 .bss           0x0080037e        0x0 ./HAL/MAGNET_DOOR/MAGNET_DOOR.o
 .bss           0x0080037e        0x0 ./HAL/LCD_V2/LCD_V2.o
 .bss           0x0080037e        0x0 ./HAL/BUZZER/BUZZER.o
 .bss           0x0080037e        0x0 ./HAL/APP_SERV/APP_SERV.o
 .bss           0x0080037e        0x0 ./APP/main.o
 .bss           0x0080037e        0x0 e:/imt_sdk_win_64/winavr/bin/../lib/gcc/avr/4.3.3/avr51\libgcc.a(_udivmodsi4.o)
 .bss           0x0080037e        0x0 e:/imt_sdk_win_64/winavr/bin/../lib/gcc/avr/4.3.3/avr51\libgcc.a(_exit.o)
 .bss           0x0080037e        0x0 e:/imt_sdk_win_64/winavr/bin/../lib/gcc/avr/4.3.3/avr51\libgcc.a(_clear_bss.o)
 .bss           0x0080037e        0x0 e:/imt_sdk_win_64/winavr/bin/../lib/gcc/avr/4.3.3/avr51\libgcc.a(_ashldi3.o)
 .bss           0x0080037e        0x0 e:/imt_sdk_win_64/winavr/bin/../lib/gcc/avr/4.3.3/avr51\libgcc.a(_fixunssfsi.o)
 .bss           0x0080037e        0x0 e:/imt_sdk_win_64/winavr/bin/../lib/gcc/avr/4.3.3/avr51\libgcc.a(_udivdi3.o)
 .bss           0x0080037e        0x0 e:/imt_sdk_win_64/winavr/bin/../lib/gcc/avr/4.3.3/avr51\libgcc.a(_umoddi3.o)
 .bss           0x0080037e        0x0 e:/imt_sdk_win_64/winavr/bin/../lib/gcc/avr/4.3.3/avr51\libgcc.a(_addsub_sf.o)
 .bss           0x0080037e        0x0 e:/imt_sdk_win_64/winavr/bin/../lib/gcc/avr/4.3.3/avr51\libgcc.a(_mul_sf.o)
 .bss           0x0080037e        0x0 e:/imt_sdk_win_64/winavr/bin/../lib/gcc/avr/4.3.3/avr51\libgcc.a(_div_sf.o)
 .bss           0x0080037e        0x0 e:/imt_sdk_win_64/winavr/bin/../lib/gcc/avr/4.3.3/avr51\libgcc.a(_gt_sf.o)
 .bss           0x0080037e        0x0 e:/imt_sdk_win_64/winavr/bin/../lib/gcc/avr/4.3.3/avr51\libgcc.a(_ge_sf.o)
 .bss           0x0080037e        0x0 e:/imt_sdk_win_64/winavr/bin/../lib/gcc/avr/4.3.3/avr51\libgcc.a(_lt_sf.o)
 .bss           0x0080037e        0x0 e:/imt_sdk_win_64/winavr/bin/../lib/gcc/avr/4.3.3/avr51\libgcc.a(_sf_to_si.o)
 .bss           0x0080037e        0x0 e:/imt_sdk_win_64/winavr/bin/../lib/gcc/avr/4.3.3/avr51\libgcc.a(_thenan_sf.o)
 .bss           0x0080037e        0x0 e:/imt_sdk_win_64/winavr/bin/../lib/gcc/avr/4.3.3/avr51\libgcc.a(_mulsi3.o)
 .bss           0x0080037e        0x0 e:/imt_sdk_win_64/winavr/bin/../lib/gcc/avr/4.3.3/avr51\libgcc.a(_prologue.o)
 .bss           0x0080037e        0x0 e:/imt_sdk_win_64/winavr/bin/../lib/gcc/avr/4.3.3/avr51\libgcc.a(_epilogue.o)
 .bss           0x0080037e        0x0 e:/imt_sdk_win_64/winavr/bin/../lib/gcc/avr/4.3.3/avr51\libgcc.a(_clz.o)
 .bss           0x0080037e        0x0 e:/imt_sdk_win_64/winavr/bin/../lib/gcc/avr/4.3.3/avr51\libgcc.a(_pack_sf.o)
 .bss           0x0080037e        0x0 e:/imt_sdk_win_64/winavr/bin/../lib/gcc/avr/4.3.3/avr51\libgcc.a(_unpack_sf.o)
 .bss           0x0080037e        0x0 e:/imt_sdk_win_64/winavr/bin/../lib/gcc/avr/4.3.3/avr51\libgcc.a(_fpcmp_parts_sf.o)
 *(.bss*)
 .bss.f         0x0080037e        0x1 ./HAL/ULTRASONIC/ULTRASONIC.o
                0x0080037e                f
 .bss.c         0x0080037f        0x1 ./HAL/ULTRASONIC/ULTRASONIC.o
                0x0080037f                c
 .bss.t1        0x00800380        0x2 ./HAL/ULTRASONIC/ULTRASONIC.o
                0x00800380                t1
 .bss.t2        0x00800382        0x2 ./HAL/ULTRASONIC/ULTRASONIC.o
                0x00800382                t2
 .bss.count_right_front
                0x00800384        0x2 ./HAL/APP_SERV/APP_SERV.o
                0x00800384                count_right_front
 .bss.count_back
                0x00800386        0x2 ./HAL/APP_SERV/APP_SERV.o
                0x00800386                count_back
 .bss.count_front
                0x00800388        0x2 ./HAL/APP_SERV/APP_SERV.o
                0x00800388                count_front
 .bss.count_right_back
                0x0080038a        0x2 ./HAL/APP_SERV/APP_SERV.o
                0x0080038a                count_right_back
 .bss.count_right_back2
                0x0080038c        0x2 ./HAL/APP_SERV/APP_SERV.o
                0x0080038c                count_right_back2
 .bss.ultra_right_front
                0x0080038e        0x4 ./HAL/APP_SERV/APP_SERV.o
                0x0080038e                ultra_right_front
 .bss.ultra_back
                0x00800392        0x4 ./HAL/APP_SERV/APP_SERV.o
                0x00800392                ultra_back
 .bss.ultra_back2
                0x00800396        0x4 ./HAL/APP_SERV/APP_SERV.o
                0x00800396                ultra_back2
 .bss.ultra_front
                0x0080039a        0x4 ./HAL/APP_SERV/APP_SERV.o
                0x0080039a                ultra_front
 .bss.ultra_right_back
                0x0080039e        0x4 ./HAL/APP_SERV/APP_SERV.o
                0x0080039e                ultra_right_back
 .bss.flag_check
                0x008003a2        0x1 ./HAL/APP_SERV/APP_SERV.o
                0x008003a2                flag_check
 .bss.park_flag
                0x008003a3        0x1 ./APP/main.o
                0x008003a3                park_flag
 .bss.check     0x008003a4        0x1 ./APP/main.o
                0x008003a4                check
 *(COMMON)
 COMMON         0x008003a5       0x40 ./HAL/APP_SERV/APP_SERV.o
                0x008003a5                c_rb
                0x008003ad                time_rb
                0x008003b5                t_rf
                0x008003bd                c_rf
                0x008003c5                time_rf
                0x008003cd                length_rb
                0x008003d5                length_rf
                0x008003dd                t_rb
                0x008003e5                PROVIDE (__bss_end, .)
                0x0000c520                __data_load_start = LOADADDR (.data)
                0x0000c79e                __data_load_end = (__data_load_start + SIZEOF (.data))

.noinit         0x008003e5        0x0
                0x008003e5                PROVIDE (__noinit_start, .)
 *(.noinit*)
                0x008003e5                PROVIDE (__noinit_end, .)
                0x008003e5                _end = .
                0x008003e5                PROVIDE (__heap_start, .)

.eeprom         0x00810000        0x0
 *(.eeprom*)
                0x00810000                __eeprom_end = .

.fuse
 *(.fuse)
 *(.lfuse)
 *(.hfuse)
 *(.efuse)

.lock
 *(.lock*)

.signature
 *(.signature*)

.stab           0x00000000     0x7e30
 *(.stab)
 .stab          0x00000000      0x390 ./MCAL/UARTT/Uartc.o
 .stab          0x00000390      0xa2c ./MCAL/TIMER/TIMER_3/Timer3.o
                                0xa38 (size before relaxing)
 .stab          0x00000dbc      0xa80 ./MCAL/TIMER/TIMER_1/Timer1.o
                                0xa8c (size before relaxing)
 .stab          0x0000183c      0x480 ./MCAL/TIMER/TIMER_0/Timer0.o
                                0x48c (size before relaxing)
 .stab          0x00001cbc      0x834 ./MCAL/DIO/DIO.o
                                0x840 (size before relaxing)
 .stab          0x000024f0     0x1050 ./HAL/ULTRASONIC/ULTRASONIC.o
                               0x105c (size before relaxing)
 .stab          0x00003540      0x234 ./HAL/MAGNET_DOOR/MAGNET_DOOR.o
                                0x2dc (size before relaxing)
 .stab          0x00003774     0x1ad0 ./HAL/LCD_V2/LCD_V2.o
                               0x1c68 (size before relaxing)
 .stab          0x00005244      0x198 ./HAL/BUZZER/BUZZER.o
                                0x2c4 (size before relaxing)
 .stab          0x000053dc     0x1fb0 ./HAL/APP_SERV/APP_SERV.o
                               0x21e4 (size before relaxing)
 .stab          0x0000738c      0xaa4 ./APP/main.o
                                0xf00 (size before relaxing)

.stabstr        0x00000000     0x3c38
 *(.stabstr)
 .stabstr       0x00000000     0x3c38 ./MCAL/UARTT/Uartc.o

.stab.excl
 *(.stab.excl)

.stab.exclstr
 *(.stab.exclstr)

.stab.index
 *(.stab.index)

.stab.indexstr
 *(.stab.indexstr)

.comment
 *(.comment)

.debug
 *(.debug)

.line
 *(.line)

.debug_srcinfo
 *(.debug_srcinfo)

.debug_sfnames
 *(.debug_sfnames)

.debug_aranges  0x00000000      0x1c0
 *(.debug_aranges)
 .debug_aranges
                0x00000000       0x20 e:/imt_sdk_win_64/winavr/bin/../lib/gcc/avr/4.3.3/avr51\libgcc.a(_ashldi3.o)
 .debug_aranges
                0x00000020       0x20 e:/imt_sdk_win_64/winavr/bin/../lib/gcc/avr/4.3.3/avr51\libgcc.a(_fixunssfsi.o)
 .debug_aranges
                0x00000040       0x20 e:/imt_sdk_win_64/winavr/bin/../lib/gcc/avr/4.3.3/avr51\libgcc.a(_udivdi3.o)
 .debug_aranges
                0x00000060       0x20 e:/imt_sdk_win_64/winavr/bin/../lib/gcc/avr/4.3.3/avr51\libgcc.a(_umoddi3.o)
 .debug_aranges
                0x00000080       0x20 e:/imt_sdk_win_64/winavr/bin/../lib/gcc/avr/4.3.3/avr51\libgcc.a(_addsub_sf.o)
 .debug_aranges
                0x000000a0       0x20 e:/imt_sdk_win_64/winavr/bin/../lib/gcc/avr/4.3.3/avr51\libgcc.a(_mul_sf.o)
 .debug_aranges
                0x000000c0       0x20 e:/imt_sdk_win_64/winavr/bin/../lib/gcc/avr/4.3.3/avr51\libgcc.a(_div_sf.o)
 .debug_aranges
                0x000000e0       0x20 e:/imt_sdk_win_64/winavr/bin/../lib/gcc/avr/4.3.3/avr51\libgcc.a(_gt_sf.o)
 .debug_aranges
                0x00000100       0x20 e:/imt_sdk_win_64/winavr/bin/../lib/gcc/avr/4.3.3/avr51\libgcc.a(_ge_sf.o)
 .debug_aranges
                0x00000120       0x20 e:/imt_sdk_win_64/winavr/bin/../lib/gcc/avr/4.3.3/avr51\libgcc.a(_lt_sf.o)
 .debug_aranges
                0x00000140       0x20 e:/imt_sdk_win_64/winavr/bin/../lib/gcc/avr/4.3.3/avr51\libgcc.a(_sf_to_si.o)
 .debug_aranges
                0x00000160       0x20 e:/imt_sdk_win_64/winavr/bin/../lib/gcc/avr/4.3.3/avr51\libgcc.a(_pack_sf.o)
 .debug_aranges
                0x00000180       0x20 e:/imt_sdk_win_64/winavr/bin/../lib/gcc/avr/4.3.3/avr51\libgcc.a(_unpack_sf.o)
 .debug_aranges
                0x000001a0       0x20 e:/imt_sdk_win_64/winavr/bin/../lib/gcc/avr/4.3.3/avr51\libgcc.a(_fpcmp_parts_sf.o)

.debug_pubnames
                0x00000000      0x20f
 *(.debug_pubnames)
 .debug_pubnames
                0x00000000       0x20 e:/imt_sdk_win_64/winavr/bin/../lib/gcc/avr/4.3.3/avr51\libgcc.a(_ashldi3.o)
 .debug_pubnames
                0x00000020       0x23 e:/imt_sdk_win_64/winavr/bin/../lib/gcc/avr/4.3.3/avr51\libgcc.a(_fixunssfsi.o)
 .debug_pubnames
                0x00000043       0x20 e:/imt_sdk_win_64/winavr/bin/../lib/gcc/avr/4.3.3/avr51\libgcc.a(_udivdi3.o)
 .debug_pubnames
                0x00000063       0x20 e:/imt_sdk_win_64/winavr/bin/../lib/gcc/avr/4.3.3/avr51\libgcc.a(_umoddi3.o)
 .debug_pubnames
                0x00000083       0x2c e:/imt_sdk_win_64/winavr/bin/../lib/gcc/avr/4.3.3/avr51\libgcc.a(_addsub_sf.o)
 .debug_pubnames
                0x000000af       0x1f e:/imt_sdk_win_64/winavr/bin/../lib/gcc/avr/4.3.3/avr51\libgcc.a(_mul_sf.o)
 .debug_pubnames
                0x000000ce       0x1f e:/imt_sdk_win_64/winavr/bin/../lib/gcc/avr/4.3.3/avr51\libgcc.a(_div_sf.o)
 .debug_pubnames
                0x000000ed       0x1e e:/imt_sdk_win_64/winavr/bin/../lib/gcc/avr/4.3.3/avr51\libgcc.a(_gt_sf.o)
 .debug_pubnames
                0x0000010b       0x1e e:/imt_sdk_win_64/winavr/bin/../lib/gcc/avr/4.3.3/avr51\libgcc.a(_ge_sf.o)
 .debug_pubnames
                0x00000129       0x1e e:/imt_sdk_win_64/winavr/bin/../lib/gcc/avr/4.3.3/avr51\libgcc.a(_lt_sf.o)
 .debug_pubnames
                0x00000147       0x20 e:/imt_sdk_win_64/winavr/bin/../lib/gcc/avr/4.3.3/avr51\libgcc.a(_sf_to_si.o)
 .debug_pubnames
                0x00000167       0x22 e:/imt_sdk_win_64/winavr/bin/../lib/gcc/avr/4.3.3/avr51\libgcc.a(_thenan_sf.o)
 .debug_pubnames
                0x00000189       0x20 e:/imt_sdk_win_64/winavr/bin/../lib/gcc/avr/4.3.3/avr51\libgcc.a(_clz.o)
 .debug_pubnames
                0x000001a9       0x1f e:/imt_sdk_win_64/winavr/bin/../lib/gcc/avr/4.3.3/avr51\libgcc.a(_pack_sf.o)
 .debug_pubnames
                0x000001c8       0x21 e:/imt_sdk_win_64/winavr/bin/../lib/gcc/avr/4.3.3/avr51\libgcc.a(_unpack_sf.o)
 .debug_pubnames
                0x000001e9       0x26 e:/imt_sdk_win_64/winavr/bin/../lib/gcc/avr/4.3.3/avr51\libgcc.a(_fpcmp_parts_sf.o)

.debug_info     0x00000000     0x30e2
 *(.debug_info)
 .debug_info    0x00000000      0x17f e:/imt_sdk_win_64/winavr/bin/../lib/gcc/avr/4.3.3/avr51\libgcc.a(_ashldi3.o)
 .debug_info    0x0000017f       0xb1 e:/imt_sdk_win_64/winavr/bin/../lib/gcc/avr/4.3.3/avr51\libgcc.a(_fixunssfsi.o)
 .debug_info    0x00000230      0x71e e:/imt_sdk_win_64/winavr/bin/../lib/gcc/avr/4.3.3/avr51\libgcc.a(_udivdi3.o)
 .debug_info    0x0000094e      0x757 e:/imt_sdk_win_64/winavr/bin/../lib/gcc/avr/4.3.3/avr51\libgcc.a(_umoddi3.o)
 .debug_info    0x000010a5      0x47a e:/imt_sdk_win_64/winavr/bin/../lib/gcc/avr/4.3.3/avr51\libgcc.a(_addsub_sf.o)
 .debug_info    0x0000151f      0x485 e:/imt_sdk_win_64/winavr/bin/../lib/gcc/avr/4.3.3/avr51\libgcc.a(_mul_sf.o)
 .debug_info    0x000019a4      0x3fc e:/imt_sdk_win_64/winavr/bin/../lib/gcc/avr/4.3.3/avr51\libgcc.a(_div_sf.o)
 .debug_info    0x00001da0      0x27f e:/imt_sdk_win_64/winavr/bin/../lib/gcc/avr/4.3.3/avr51\libgcc.a(_gt_sf.o)
 .debug_info    0x0000201f      0x27f e:/imt_sdk_win_64/winavr/bin/../lib/gcc/avr/4.3.3/avr51\libgcc.a(_ge_sf.o)
 .debug_info    0x0000229e      0x27f e:/imt_sdk_win_64/winavr/bin/../lib/gcc/avr/4.3.3/avr51\libgcc.a(_lt_sf.o)
 .debug_info    0x0000251d      0x2b0 e:/imt_sdk_win_64/winavr/bin/../lib/gcc/avr/4.3.3/avr51\libgcc.a(_sf_to_si.o)
 .debug_info    0x000027cd      0x12c e:/imt_sdk_win_64/winavr/bin/../lib/gcc/avr/4.3.3/avr51\libgcc.a(_thenan_sf.o)
 .debug_info    0x000028f9       0xa9 e:/imt_sdk_win_64/winavr/bin/../lib/gcc/avr/4.3.3/avr51\libgcc.a(_clz.o)
 .debug_info    0x000029a2      0x2df e:/imt_sdk_win_64/winavr/bin/../lib/gcc/avr/4.3.3/avr51\libgcc.a(_pack_sf.o)
 .debug_info    0x00002c81      0x251 e:/imt_sdk_win_64/winavr/bin/../lib/gcc/avr/4.3.3/avr51\libgcc.a(_unpack_sf.o)
 .debug_info    0x00002ed2      0x210 e:/imt_sdk_win_64/winavr/bin/../lib/gcc/avr/4.3.3/avr51\libgcc.a(_fpcmp_parts_sf.o)
 *(.gnu.linkonce.wi.*)

.debug_abbrev   0x00000000     0x156a
 *(.debug_abbrev)
 .debug_abbrev  0x00000000       0xee e:/imt_sdk_win_64/winavr/bin/../lib/gcc/avr/4.3.3/avr51\libgcc.a(_ashldi3.o)
 .debug_abbrev  0x000000ee       0x5d e:/imt_sdk_win_64/winavr/bin/../lib/gcc/avr/4.3.3/avr51\libgcc.a(_fixunssfsi.o)
 .debug_abbrev  0x0000014b      0x181 e:/imt_sdk_win_64/winavr/bin/../lib/gcc/avr/4.3.3/avr51\libgcc.a(_udivdi3.o)
 .debug_abbrev  0x000002cc      0x190 e:/imt_sdk_win_64/winavr/bin/../lib/gcc/avr/4.3.3/avr51\libgcc.a(_umoddi3.o)
 .debug_abbrev  0x0000045c      0x1ea e:/imt_sdk_win_64/winavr/bin/../lib/gcc/avr/4.3.3/avr51\libgcc.a(_addsub_sf.o)
 .debug_abbrev  0x00000646      0x21b e:/imt_sdk_win_64/winavr/bin/../lib/gcc/avr/4.3.3/avr51\libgcc.a(_mul_sf.o)
 .debug_abbrev  0x00000861      0x216 e:/imt_sdk_win_64/winavr/bin/../lib/gcc/avr/4.3.3/avr51\libgcc.a(_div_sf.o)
 .debug_abbrev  0x00000a77      0x15a e:/imt_sdk_win_64/winavr/bin/../lib/gcc/avr/4.3.3/avr51\libgcc.a(_gt_sf.o)
 .debug_abbrev  0x00000bd1      0x15a e:/imt_sdk_win_64/winavr/bin/../lib/gcc/avr/4.3.3/avr51\libgcc.a(_ge_sf.o)
 .debug_abbrev  0x00000d2b      0x15a e:/imt_sdk_win_64/winavr/bin/../lib/gcc/avr/4.3.3/avr51\libgcc.a(_lt_sf.o)
 .debug_abbrev  0x00000e85      0x17f e:/imt_sdk_win_64/winavr/bin/../lib/gcc/avr/4.3.3/avr51\libgcc.a(_sf_to_si.o)
 .debug_abbrev  0x00001004       0xad e:/imt_sdk_win_64/winavr/bin/../lib/gcc/avr/4.3.3/avr51\libgcc.a(_thenan_sf.o)
 .debug_abbrev  0x000010b1       0x6a e:/imt_sdk_win_64/winavr/bin/../lib/gcc/avr/4.3.3/avr51\libgcc.a(_clz.o)
 .debug_abbrev  0x0000111b      0x1c0 e:/imt_sdk_win_64/winavr/bin/../lib/gcc/avr/4.3.3/avr51\libgcc.a(_pack_sf.o)
 .debug_abbrev  0x000012db      0x154 e:/imt_sdk_win_64/winavr/bin/../lib/gcc/avr/4.3.3/avr51\libgcc.a(_unpack_sf.o)
 .debug_abbrev  0x0000142f      0x13b e:/imt_sdk_win_64/winavr/bin/../lib/gcc/avr/4.3.3/avr51\libgcc.a(_fpcmp_parts_sf.o)

.debug_line     0x00000000     0x14dd
 *(.debug_line)
 .debug_line    0x00000000       0xd7 e:/imt_sdk_win_64/winavr/bin/../lib/gcc/avr/4.3.3/avr51\libgcc.a(_ashldi3.o)
 .debug_line    0x000000d7       0xa7 e:/imt_sdk_win_64/winavr/bin/../lib/gcc/avr/4.3.3/avr51\libgcc.a(_fixunssfsi.o)
 .debug_line    0x0000017e      0x1d8 e:/imt_sdk_win_64/winavr/bin/../lib/gcc/avr/4.3.3/avr51\libgcc.a(_udivdi3.o)
 .debug_line    0x00000356      0x230 e:/imt_sdk_win_64/winavr/bin/../lib/gcc/avr/4.3.3/avr51\libgcc.a(_umoddi3.o)
 .debug_line    0x00000586      0x2af e:/imt_sdk_win_64/winavr/bin/../lib/gcc/avr/4.3.3/avr51\libgcc.a(_addsub_sf.o)
 .debug_line    0x00000835      0x239 e:/imt_sdk_win_64/winavr/bin/../lib/gcc/avr/4.3.3/avr51\libgcc.a(_mul_sf.o)
 .debug_line    0x00000a6e      0x1d5 e:/imt_sdk_win_64/winavr/bin/../lib/gcc/avr/4.3.3/avr51\libgcc.a(_div_sf.o)
 .debug_line    0x00000c43       0xd3 e:/imt_sdk_win_64/winavr/bin/../lib/gcc/avr/4.3.3/avr51\libgcc.a(_gt_sf.o)
 .debug_line    0x00000d16       0xd3 e:/imt_sdk_win_64/winavr/bin/../lib/gcc/avr/4.3.3/avr51\libgcc.a(_ge_sf.o)
 .debug_line    0x00000de9       0xd3 e:/imt_sdk_win_64/winavr/bin/../lib/gcc/avr/4.3.3/avr51\libgcc.a(_lt_sf.o)
 .debug_line    0x00000ebc      0x109 e:/imt_sdk_win_64/winavr/bin/../lib/gcc/avr/4.3.3/avr51\libgcc.a(_sf_to_si.o)
 .debug_line    0x00000fc5       0x90 e:/imt_sdk_win_64/winavr/bin/../lib/gcc/avr/4.3.3/avr51\libgcc.a(_thenan_sf.o)
 .debug_line    0x00001055       0x7c e:/imt_sdk_win_64/winavr/bin/../lib/gcc/avr/4.3.3/avr51\libgcc.a(_clz.o)
 .debug_line    0x000010d1      0x18a e:/imt_sdk_win_64/winavr/bin/../lib/gcc/avr/4.3.3/avr51\libgcc.a(_pack_sf.o)
 .debug_line    0x0000125b      0x14b e:/imt_sdk_win_64/winavr/bin/../lib/gcc/avr/4.3.3/avr51\libgcc.a(_unpack_sf.o)
 .debug_line    0x000013a6      0x137 e:/imt_sdk_win_64/winavr/bin/../lib/gcc/avr/4.3.3/avr51\libgcc.a(_fpcmp_parts_sf.o)

.debug_frame    0x00000000      0x1e0
 *(.debug_frame)
 .debug_frame   0x00000000       0x20 e:/imt_sdk_win_64/winavr/bin/../lib/gcc/avr/4.3.3/avr51\libgcc.a(_ashldi3.o)
 .debug_frame   0x00000020       0x20 e:/imt_sdk_win_64/winavr/bin/../lib/gcc/avr/4.3.3/avr51\libgcc.a(_fixunssfsi.o)
 .debug_frame   0x00000040       0x20 e:/imt_sdk_win_64/winavr/bin/../lib/gcc/avr/4.3.3/avr51\libgcc.a(_udivdi3.o)
 .debug_frame   0x00000060       0x20 e:/imt_sdk_win_64/winavr/bin/../lib/gcc/avr/4.3.3/avr51\libgcc.a(_umoddi3.o)
 .debug_frame   0x00000080       0x40 e:/imt_sdk_win_64/winavr/bin/../lib/gcc/avr/4.3.3/avr51\libgcc.a(_addsub_sf.o)
 .debug_frame   0x000000c0       0x20 e:/imt_sdk_win_64/winavr/bin/../lib/gcc/avr/4.3.3/avr51\libgcc.a(_mul_sf.o)
 .debug_frame   0x000000e0       0x20 e:/imt_sdk_win_64/winavr/bin/../lib/gcc/avr/4.3.3/avr51\libgcc.a(_div_sf.o)
 .debug_frame   0x00000100       0x20 e:/imt_sdk_win_64/winavr/bin/../lib/gcc/avr/4.3.3/avr51\libgcc.a(_gt_sf.o)
 .debug_frame   0x00000120       0x20 e:/imt_sdk_win_64/winavr/bin/../lib/gcc/avr/4.3.3/avr51\libgcc.a(_ge_sf.o)
 .debug_frame   0x00000140       0x20 e:/imt_sdk_win_64/winavr/bin/../lib/gcc/avr/4.3.3/avr51\libgcc.a(_lt_sf.o)
 .debug_frame   0x00000160       0x20 e:/imt_sdk_win_64/winavr/bin/../lib/gcc/avr/4.3.3/avr51\libgcc.a(_sf_to_si.o)
 .debug_frame   0x00000180       0x20 e:/imt_sdk_win_64/winavr/bin/../lib/gcc/avr/4.3.3/avr51\libgcc.a(_pack_sf.o)
 .debug_frame   0x000001a0       0x20 e:/imt_sdk_win_64/winavr/bin/../lib/gcc/avr/4.3.3/avr51\libgcc.a(_unpack_sf.o)
 .debug_frame   0x000001c0       0x20 e:/imt_sdk_win_64/winavr/bin/../lib/gcc/avr/4.3.3/avr51\libgcc.a(_fpcmp_parts_sf.o)

.debug_str      0x00000000      0x376
 *(.debug_str)
 .debug_str     0x00000000       0xe0 e:/imt_sdk_win_64/winavr/bin/../lib/gcc/avr/4.3.3/avr51\libgcc.a(_ashldi3.o)
                                0x132 (size before relaxing)
 .debug_str     0x000000e0       0x14 e:/imt_sdk_win_64/winavr/bin/../lib/gcc/avr/4.3.3/avr51\libgcc.a(_fixunssfsi.o)
                                 0xff (size before relaxing)
 .debug_str     0x000000f4       0x7c e:/imt_sdk_win_64/winavr/bin/../lib/gcc/avr/4.3.3/avr51\libgcc.a(_udivdi3.o)
                                0x18b (size before relaxing)
 .debug_str     0x00000170        0xa e:/imt_sdk_win_64/winavr/bin/../lib/gcc/avr/4.3.3/avr51\libgcc.a(_umoddi3.o)
                                0x18b (size before relaxing)
 .debug_str     0x0000017a      0x14d e:/imt_sdk_win_64/winavr/bin/../lib/gcc/avr/4.3.3/avr51\libgcc.a(_addsub_sf.o)
                                0x207 (size before relaxing)
 .debug_str     0x000002c7       0x27 e:/imt_sdk_win_64/winavr/bin/../lib/gcc/avr/4.3.3/avr51\libgcc.a(_mul_sf.o)
                                0x1c0 (size before relaxing)
 .debug_str     0x000002ee       0x35 e:/imt_sdk_win_64/winavr/bin/../lib/gcc/avr/4.3.3/avr51\libgcc.a(_div_sf.o)
                                0x1c9 (size before relaxing)
 .debug_str     0x00000323        0x8 e:/imt_sdk_win_64/winavr/bin/../lib/gcc/avr/4.3.3/avr51\libgcc.a(_gt_sf.o)
                                0x196 (size before relaxing)
 .debug_str     0x0000032b        0x8 e:/imt_sdk_win_64/winavr/bin/../lib/gcc/avr/4.3.3/avr51\libgcc.a(_ge_sf.o)
                                0x196 (size before relaxing)
 .debug_str     0x00000333        0x8 e:/imt_sdk_win_64/winavr/bin/../lib/gcc/avr/4.3.3/avr51\libgcc.a(_lt_sf.o)
                                0x196 (size before relaxing)
 .debug_str     0x0000033b        0xa e:/imt_sdk_win_64/winavr/bin/../lib/gcc/avr/4.3.3/avr51\libgcc.a(_sf_to_si.o)
                                0x19f (size before relaxing)
 .debug_str     0x00000000      0x104 e:/imt_sdk_win_64/winavr/bin/../lib/gcc/avr/4.3.3/avr51\libgcc.a(_thenan_sf.o)
 .debug_str     0x00000000       0xf5 e:/imt_sdk_win_64/winavr/bin/../lib/gcc/avr/4.3.3/avr51\libgcc.a(_clz.o)
 .debug_str     0x00000345       0x16 e:/imt_sdk_win_64/winavr/bin/../lib/gcc/avr/4.3.3/avr51\libgcc.a(_pack_sf.o)
                                0x19e (size before relaxing)
 .debug_str     0x0000035b        0xb e:/imt_sdk_win_64/winavr/bin/../lib/gcc/avr/4.3.3/avr51\libgcc.a(_unpack_sf.o)
                                0x180 (size before relaxing)
 .debug_str     0x00000366       0x10 e:/imt_sdk_win_64/winavr/bin/../lib/gcc/avr/4.3.3/avr51\libgcc.a(_fpcmp_parts_sf.o)
                                0x164 (size before relaxing)

.debug_loc      0x00000000     0x22ac
 *(.debug_loc)
 .debug_loc     0x00000000       0xf8 e:/imt_sdk_win_64/winavr/bin/../lib/gcc/avr/4.3.3/avr51\libgcc.a(_ashldi3.o)
 .debug_loc     0x000000f8       0x34 e:/imt_sdk_win_64/winavr/bin/../lib/gcc/avr/4.3.3/avr51\libgcc.a(_fixunssfsi.o)
 .debug_loc     0x0000012c      0xe74 e:/imt_sdk_win_64/winavr/bin/../lib/gcc/avr/4.3.3/avr51\libgcc.a(_udivdi3.o)
 .debug_loc     0x00000fa0      0xab2 e:/imt_sdk_win_64/winavr/bin/../lib/gcc/avr/4.3.3/avr51\libgcc.a(_umoddi3.o)
 .debug_loc     0x00001a52      0x32a e:/imt_sdk_win_64/winavr/bin/../lib/gcc/avr/4.3.3/avr51\libgcc.a(_addsub_sf.o)
 .debug_loc     0x00001d7c      0x104 e:/imt_sdk_win_64/winavr/bin/../lib/gcc/avr/4.3.3/avr51\libgcc.a(_mul_sf.o)
 .debug_loc     0x00001e80       0xc0 e:/imt_sdk_win_64/winavr/bin/../lib/gcc/avr/4.3.3/avr51\libgcc.a(_div_sf.o)
 .debug_loc     0x00001f40       0x3c e:/imt_sdk_win_64/winavr/bin/../lib/gcc/avr/4.3.3/avr51\libgcc.a(_gt_sf.o)
 .debug_loc     0x00001f7c       0x3c e:/imt_sdk_win_64/winavr/bin/../lib/gcc/avr/4.3.3/avr51\libgcc.a(_ge_sf.o)
 .debug_loc     0x00001fb8       0x3c e:/imt_sdk_win_64/winavr/bin/../lib/gcc/avr/4.3.3/avr51\libgcc.a(_lt_sf.o)
 .debug_loc     0x00001ff4       0x7e e:/imt_sdk_win_64/winavr/bin/../lib/gcc/avr/4.3.3/avr51\libgcc.a(_sf_to_si.o)
 .debug_loc     0x00002072      0x13e e:/imt_sdk_win_64/winavr/bin/../lib/gcc/avr/4.3.3/avr51\libgcc.a(_pack_sf.o)
 .debug_loc     0x000021b0       0xac e:/imt_sdk_win_64/winavr/bin/../lib/gcc/avr/4.3.3/avr51\libgcc.a(_unpack_sf.o)
 .debug_loc     0x0000225c       0x50 e:/imt_sdk_win_64/winavr/bin/../lib/gcc/avr/4.3.3/avr51\libgcc.a(_fpcmp_parts_sf.o)

.debug_macinfo
 *(.debug_macinfo)
OUTPUT(CHALLENGE_17.elf elf32-avr)
LOAD linker stubs

.debug_ranges   0x00000000       0x80
 .debug_ranges  0x00000000       0x18 e:/imt_sdk_win_64/winavr/bin/../lib/gcc/avr/4.3.3/avr51\libgcc.a(_udivdi3.o)
 .debug_ranges  0x00000018       0x18 e:/imt_sdk_win_64/winavr/bin/../lib/gcc/avr/4.3.3/avr51\libgcc.a(_umoddi3.o)
 .debug_ranges  0x00000030       0x50 e:/imt_sdk_win_64/winavr/bin/../lib/gcc/avr/4.3.3/avr51\libgcc.a(_mul_sf.o)
